 GameDemo

 Timestamp is 54d9cdff (Tue Feb 10 17:23:11 2015)

 Preferred load address is 00400000

 Start         Length     Name                   Class
 0001:00000000 00000034H .text$di                CODE
 0001:00000040 0004ddaaH .text$mn                CODE
 0001:0004ddf0 00000283H .text$x                 CODE
 0002:00000000 00000254H .idata$5                DATA
 0002:00000254 00000004H .CRT$XCA                DATA
 0002:00000258 00000008H .CRT$XCU                DATA
 0002:00000260 00000004H .CRT$XCZ                DATA
 0002:00000264 00000004H .CRT$XIA                DATA
 0002:00000268 00000010H .CRT$XIC                DATA
 0002:00000278 00000004H .CRT$XIY                DATA
 0002:0000027c 00000004H .CRT$XIZ                DATA
 0002:00000280 00000004H .CRT$XPA                DATA
 0002:00000284 00000008H .CRT$XPX                DATA
 0002:0000028c 00000004H .CRT$XPXA               DATA
 0002:00000290 00000004H .CRT$XPZ                DATA
 0002:00000294 00000004H .CRT$XTA                DATA
 0002:00000298 00000004H .CRT$XTZ                DATA
 0002:000002a0 0000ed38H .rdata                  DATA
 0002:0000efd8 00000074H .rdata$debug            DATA
 0002:0000f04c 000004d0H .rdata$r                DATA
 0002:0000f520 00000040H .rdata$sxdata           DATA
 0002:0000f560 00000004H .rtc$IAA                DATA
 0002:0000f564 00000008H .rtc$IMZ                DATA
 0002:0000f56c 00000004H .rtc$IZZ                DATA
 0002:0000f570 00000004H .rtc$TAA                DATA
 0002:0000f574 00000008H .rtc$TMZ                DATA
 0002:0000f57c 00000004H .rtc$TZZ                DATA
 0002:0000f580 00000b98H .xdata$x                DATA
 0002:00010118 00000000H .edata                  DATA
 0002:00010118 00000064H .idata$2                DATA
 0002:0001017c 00000014H .idata$3                DATA
 0002:00010190 00000254H .idata$4                DATA
 0002:000103e4 00000fb2H .idata$6                DATA
 0003:00000000 00001238H .data                   DATA
 0003:00001238 000001d3H .data$r                 DATA
 0003:00001420 00001fccH .bss                    DATA
 0004:00000000 00000058H .rsrc$01                DATA
 0004:00000060 00000280H .rsrc$02                DATA

  Address         Publics by Value              Rva+Base       Lib:Object

 0000:00000000       ___guard_flags             00000000     <absolute>
 0000:00000000       __except_list              00000000     <absolute>
 0000:00000000       ___guard_fids_count        00000000     <absolute>
 0000:00000000       ___guard_fids_table        00000000     <absolute>
 0000:00000010       ___safe_se_handler_count   00000010     <absolute>
 0000:00000000       ___ImageBase               00400000     <linker-defined>
 0001:00000040       _WinMain@16                00401040 f   GameDemo.obj
 0001:00000230       ??0CLoginFrameWnd@@QAE@XZ  00401230 f i GameDemo.obj
 0001:000002e0       ??0IMessageFilterUI@DuiLib@@QAE@XZ 004012e0 f i GameDemo.obj
 0001:00000300       ??0STRINGorID@DuiLib@@QAE@PBD@Z 00401300 f i GameDemo.obj
 0001:00000320       ??1CLoginFrameWnd@@QAE@XZ  00401320 f i GameDemo.obj
 0001:00000360       ??_GCLoginFrameWnd@@QAEPAXI@Z 00401360 f i GameDemo.obj
 0001:000003a0       ?CreateMyBitmap@@YAPAUHBITMAP__@@PAUHDC__@@HHPAPAK@Z 004013a0 f i GameDemo.obj
 0001:000004a0       ?DoPaint@CLoginFrameWnd@@QAEXXZ 004014a0 f i GameDemo.obj
 0001:00000820       ?GetClassStyle@CLoginFrameWnd@@UBEIXZ 00401820 f i GameDemo.obj
 0001:00000840       ?GetWindowClassName@CLoginFrameWnd@@UBEPBDXZ 00401840 f i GameDemo.obj
 0001:00000860       ?HandleMessage@CLoginFrameWnd@@UAEJIIJ@Z 00401860 f i GameDemo.obj
 0001:00000b20       ?Init@CLoginFrameWnd@@QAEXXZ 00401b20 f i GameDemo.obj
 0001:00000db0       ?MessageHandler@CLoginFrameWnd@@UAEJIIJAA_N@Z 00401db0 f i GameDemo.obj
 0001:00000e40       ?OnCreate@CLoginFrameWnd@@QAEJIIJAAH@Z 00401e40 f i GameDemo.obj
 0001:00001070       ?OnFinalMessage@CLoginFrameWnd@@UAEXPAUHWND__@@@Z 00402070 f i GameDemo.obj
 0001:00001100       ?OnNcActivate@CLoginFrameWnd@@QAEJIIJAAH@Z 00402100 f i GameDemo.obj
 0001:00001180       ?OnNcCalcSize@CLoginFrameWnd@@QAEJIIJAAH@Z 00402180 f i GameDemo.obj
 0001:000011a0       ?OnNcHitTest@CLoginFrameWnd@@QAEJIIJAAH@Z 004021a0 f i GameDemo.obj
 0001:00001350       ?OnNcPaint@CLoginFrameWnd@@QAEJIIJAAH@Z 00402350 f i GameDemo.obj
 0001:00001370       ?OnPaint@CLoginFrameWnd@@QAEJIIJAAH@Z 00402370 f i GameDemo.obj
 0001:00001450       ?OnSize@CLoginFrameWnd@@QAEJIIJAAH@Z 00402450 f i GameDemo.obj
 0001:00001610       ?OnTimer@CLoginFrameWnd@@QAEJIIJAAH@Z 00402610 f i GameDemo.obj
 0001:00001b80       ?PaintArrow@CLoginFrameWnd@@QAEXPAUHDC__@@ABUtagRECT@@@Z 00402b80 f i GameDemo.obj
 0001:00002100       ?ResetAlpha@CLoginFrameWnd@@QAEXPAEHH@Z 00403100 f i GameDemo.obj
 0001:000021e0       ?SetAlpha@CLoginFrameWnd@@QAEXPAEHHAAUtagRECT@@E@Z 004031e0 f i GameDemo.obj
 0001:000022d0       ?ShowWindow@CLoginFrameWnd@@QAEX_N0@Z 004032d0 f i GameDemo.obj
 0001:00002320       __tcscmp                   00403320 f i GameDemo.obj
 0001:00002340       ??_H@YGXPAXIHP6EPAX0@Z@Z   00403340 f i StdAfx.obj
 0001:00002380       _hypot                     00403380 f i StdAfx.obj
 0001:000023ae       _UpdateLayeredWindow@36    004033ae f   user32:USER32.dll
 0001:000023b4       _IsIconic@4                004033b4 f   user32:USER32.dll
 0001:000023ba       _SetTimer@16               004033ba f   user32:USER32.dll
 0001:000023c0       _GetDC@4                   004033c0 f   user32:USER32.dll
 0001:000023c6       _ReleaseDC@8               004033c6 f   user32:USER32.dll
 0001:000023cc       _SetWindowRgn@12           004033cc f   user32:USER32.dll
 0001:000023d2       _InvalidateRect@12         004033d2 f   user32:USER32.dll
 0001:000023d8       _ValidateRect@8            004033d8 f   user32:USER32.dll
 0001:000023de       _GetClientRect@8           004033de f   user32:USER32.dll
 0001:000023e4       _GetWindowRect@8           004033e4 f   user32:USER32.dll
 0001:000023ea       _ScreenToClient@8          004033ea f   user32:USER32.dll
 0001:000023f0       _GetWindowLongA@8          004033f0 f   user32:USER32.dll
 0001:000023f6       _SetWindowLongA@12         004033f6 f   user32:USER32.dll
 0001:000023fc       _CreateCompatibleDC@4      004033fc f   gdi32:GDI32.dll
 0001:00002402       _CreateRoundRectRgn@24     00403402 f   gdi32:GDI32.dll
 0001:00002408       _DeleteDC@4                00403408 f   gdi32:GDI32.dll
 0001:0000240e       _DeleteObject@4            0040340e f   gdi32:GDI32.dll
 0001:00002414       _SelectObject@8            00403414 f   gdi32:GDI32.dll
 0001:0000241a       _SetBkMode@8               0040341a f   gdi32:GDI32.dll
 0001:00002420       _CreateDIBSection@24       00403420 f   gdi32:GDI32.dll
 0001:00002426       _CoInitialize@4            00403426 f   ole32:ole32.dll
 0001:0000242c       _CoUninitialize@0          0040342c f   ole32:ole32.dll
 0001:00002432       ??0CDuiRect@DuiLib@@QAE@XZ 00403432 f   DuiLib_d:DuiLib_d.dll
 0001:00002438       ?Offset@CDuiRect@DuiLib@@QAEXHH@Z 00403438 f   DuiLib_d:DuiLib_d.dll
 0001:0000243e       ??0CDuiString@DuiLib@@QAE@XZ 0040343e f   DuiLib_d:DuiLib_d.dll
 0001:00002444       ??1CDuiString@DuiLib@@QAE@XZ 00403444 f   DuiLib_d:DuiLib_d.dll
 0001:0000244a       ??BCDuiString@DuiLib@@QBEPBDXZ 0040344a f   DuiLib_d:DuiLib_d.dll
 0001:00002450       ??HCDuiString@DuiLib@@QBE?AV01@PBD@Z 00403450 f   DuiLib_d:DuiLib_d.dll
 0001:00002456       ?Format@CDuiString@DuiLib@@QAAHPBDZZ 00403456 f   DuiLib_d:DuiLib_d.dll
 0001:0000245c       ??0CPaintManagerUI@DuiLib@@QAE@XZ 0040345c f   DuiLib_d:DuiLib_d.dll
 0001:00002462       ??1CPaintManagerUI@DuiLib@@QAE@XZ 00403462 f   DuiLib_d:DuiLib_d.dll
 0001:00002468       ?Init@CPaintManagerUI@DuiLib@@QAEXPAUHWND__@@@Z 00403468 f   DuiLib_d:DuiLib_d.dll
 0001:0000246e       ?GetCaptionRect@CPaintManagerUI@DuiLib@@QAEAAUtagRECT@@XZ 0040346e f   DuiLib_d:DuiLib_d.dll
 0001:00002474       ?GetRoundCorner@CPaintManagerUI@DuiLib@@QBE?AUtagSIZE@@XZ 00403474 f   DuiLib_d:DuiLib_d.dll
 0001:0000247a       ?GetInstancePath@CPaintManagerUI@DuiLib@@SA?AVCDuiString@2@XZ 0040347a f   DuiLib_d:DuiLib_d.dll
 0001:00002480       ?SetInstance@CPaintManagerUI@DuiLib@@SAXPAUHINSTANCE__@@@Z 00403480 f   DuiLib_d:DuiLib_d.dll
 0001:00002486       ?SetResourcePath@CPaintManagerUI@DuiLib@@SAXPBD@Z 00403486 f   DuiLib_d:DuiLib_d.dll
 0001:0000248c       ?SetResourceZip@CPaintManagerUI@DuiLib@@SAXPBD_N@Z 0040348c f   DuiLib_d:DuiLib_d.dll
 0001:00002492       ?AttachDialog@CPaintManagerUI@DuiLib@@QAE_NPAVCControlUI@2@@Z 00403492 f   DuiLib_d:DuiLib_d.dll
 0001:00002498       ?AddPreMessageFilter@CPaintManagerUI@DuiLib@@QAE_NPAVIMessageFilterUI@2@@Z 00403498 f   DuiLib_d:DuiLib_d.dll
 0001:0000249e       ?RemovePreMessageFilter@CPaintManagerUI@DuiLib@@QAE_NPAVIMessageFilterUI@2@@Z 0040349e f   DuiLib_d:DuiLib_d.dll
 0001:000024a4       ?GetRoot@CPaintManagerUI@DuiLib@@QBEPAVCControlUI@2@XZ 004034a4 f   DuiLib_d:DuiLib_d.dll
 0001:000024aa       ?FindControl@CPaintManagerUI@DuiLib@@QBEPAVCControlUI@2@UtagPOINT@@@Z 004034aa f   DuiLib_d:DuiLib_d.dll
 0001:000024b0       ?FindControl@CPaintManagerUI@DuiLib@@QBEPAVCControlUI@2@PBD@Z 004034b0 f   DuiLib_d:DuiLib_d.dll
 0001:000024b6       ?MessageLoop@CPaintManagerUI@DuiLib@@SAXXZ 004034b6 f   DuiLib_d:DuiLib_d.dll
 0001:000024bc       ?MessageHandler@CPaintManagerUI@DuiLib@@QAE_NIIJAAJ@Z 004034bc f   DuiLib_d:DuiLib_d.dll
 0001:000024c2       ??0CWindowWnd@DuiLib@@QAE@XZ 004034c2 f   DuiLib_d:DuiLib_d.dll
 0001:000024c8       ??BCWindowWnd@DuiLib@@QBEPAUHWND__@@XZ 004034c8 f   DuiLib_d:DuiLib_d.dll
 0001:000024ce       ?Create@CWindowWnd@DuiLib@@QAEPAUHWND__@@PAU3@PBDKKHHHHPAUHMENU__@@@Z 004034ce f   DuiLib_d:DuiLib_d.dll
 0001:000024d4       ?ShowWindow@CWindowWnd@DuiLib@@QAEX_N0@Z 004034d4 f   DuiLib_d:DuiLib_d.dll
 0001:000024da       ?CenterWindow@CWindowWnd@DuiLib@@QAEXXZ 004034da f   DuiLib_d:DuiLib_d.dll
 0001:000024e0       ?HandleMessage@CWindowWnd@DuiLib@@MAEJIIJ@Z 004034e0 f   DuiLib_d:DuiLib_d.dll
 0001:000024e6       ?SetBkImage@CControlUI@DuiLib@@QAEXPBD@Z 004034e6 f   DuiLib_d:DuiLib_d.dll
 0001:000024ec       ??0CDialogBuilder@DuiLib@@QAE@XZ 004034ec f   DuiLib_d:DuiLib_d.dll
 0001:000024f2       ?Create@CDialogBuilder@DuiLib@@QAEPAVCControlUI@2@VSTRINGorID@2@PBDPAVIDialogBuilderCallback@2@PAVCPaintManagerUI@2@PAV32@@Z 004034f2 f   DuiLib_d:DuiLib_d.dll
 0001:000024f8       ??1CDialogBuilder@DuiLib@@QAE@XZ 004034f8 f   DuiLib_d:DuiLib_d.dll
 0001:000024fe       ??1CRenderClip@DuiLib@@QAE@XZ 004034fe f   DuiLib_d:DuiLib_d.dll
 0001:00002504       ?GenerateClip@CRenderClip@DuiLib@@SAXPAUHDC__@@UtagRECT@@AAV12@@Z 00403504 f   DuiLib_d:DuiLib_d.dll
 0001:0000250a       ?UseOldClipBegin@CRenderClip@DuiLib@@SAXPAUHDC__@@AAV12@@Z 0040350a f   DuiLib_d:DuiLib_d.dll
 0001:00002510       ?DrawImageString@CRenderEngine@DuiLib@@SA_NPAUHDC__@@PAVCPaintManagerUI@2@ABUtagRECT@@2PBD3@Z 00403510 f   DuiLib_d:DuiLib_d.dll
 0001:00002516       ?GetSuperClassName@CWindowWnd@DuiLib@@MBEPBDXZ 00403516 f   DuiLib_d:DuiLib_d.dll
 0001:00002520       ??_U@YAPAXI@Z              00403520 f   libcpmtd:newaop.obj
 0001:00002540       __get_purecall_handler     00403540 f   LIBCMTD:purevirt.obj
 0001:00002560       __purecall                 00403560 f   LIBCMTD:purevirt.obj
 0001:000025a0       __set_purecall_handler     004035a0 f   LIBCMTD:purevirt.obj
 0001:000025d0       ??0bad_alloc@std@@QAE@ABV01@@Z 004035d0 f i LIBCMTD:new.obj
 0001:00002600       ??0bad_alloc@std@@QAE@XZ   00403600 f i LIBCMTD:new.obj
 0001:00002630       ??1bad_alloc@std@@UAE@XZ   00403630 f i LIBCMTD:new.obj
 0001:00002650       ??2@YAPAXI@Z               00403650 f   LIBCMTD:new.obj
 0001:000026a0       ??_Gbad_alloc@std@@UAEPAXI@Z 004036a0 f i LIBCMTD:new.obj
 0001:000026a0       ??_Ebad_alloc@std@@UAEPAXI@Z 004036a0 f i LIBCMTD:new.obj
 0001:000026d0       ??3@YAXPAX@Z               004036d0 f   LIBCMTD:dbgdel.obj
 0001:000027c0       _memset                    004037c0 f   LIBCMTD:memset.obj
 0001:00002850       ??0_LocaleUpdate@@QAE@PAUlocaleinfo_struct@@@Z 00403850 f i LIBCMTD:mbscmp.obj
 0001:00002930       ??1_LocaleUpdate@@QAE@XZ   00403930 f i LIBCMTD:mbscmp.obj
 0001:00002960       ?GetLocaleT@_LocaleUpdate@@QAEPAUlocaleinfo_struct@@XZ 00403960 f i LIBCMTD:mbscmp.obj
 0001:00002970       __mbscmp                   00403970 f   LIBCMTD:mbscmp.obj
 0001:00002990       __mbscmp_l                 00403990 f   LIBCMTD:mbscmp.obj
 0001:00002c20       ?_CrtDbgReportW@@YAHHPBGH00ZZ 00403c20 f   LIBCMTD:dbgrptw.obj
 0001:00002c70       __CrtDbgReportW            00403c70 f   LIBCMTD:dbgrptw.obj
 0001:00002cc0       __CrtDbgReportWV           00403cc0 f i LIBCMTD:dbgrptw.obj
 0001:00002cf0       __CrtSetReportHookW2       00403cf0 f   LIBCMTD:dbgrptw.obj
 0001:00003040       ___crtMessageWindowW       00404040 f   LIBCMTD:dbgrptw.obj
 0001:000034f0       __invoke_watson_if_error   004044f0 f i LIBCMTD:dbgrptw.obj
 0001:00003520       __invoke_watson_if_oneof   00404520 f i LIBCMTD:dbgrptw.obj
 0001:00003560       ??_V@YAXPAX@Z              00404560 f   LIBCMTD:delete2.obj
 0001:00003580       @_RTC_AllocaHelper@12      00404580 f   LIBCMTD:stack.obj
 0001:000035c0       @_RTC_CheckStackVars2@12   004045c0 f   LIBCMTD:stack.obj
 0001:000036a0       @_RTC_CheckStackVars@8     004046a0 f   LIBCMTD:stack.obj
 0001:00003700       __RTC_CheckEsp             00404700 f   LIBCMTD:stack.obj
 0001:00003730       @__security_check_cookie@4 00404730 f   LIBCMTD:secchk.obj
 0001:00003740       __RTC_InitBase             00404740 f   LIBCMTD:init.obj
 0001:00003770       __RTC_Shutdown             00404770 f   LIBCMTD:init.obj
 0001:00003890       ?_CallCatchBlock2@@YAPAXPAUEHRegistrationNode@@PBU_s_FuncInfo@@PAXHK@Z 00404890 f   LIBCMTD:_trnsctrl_.obj
 0001:00003900       ?_CallMemberFunction0@@YGXPAX0@Z 00404900 f   LIBCMTD:_trnsctrl_.obj
 0001:00003910       ?_CallMemberFunction1@@YGXPAX00@Z 00404910 f   LIBCMTD:_trnsctrl_.obj
 0001:00003920       ?_CallMemberFunction2@@YGXPAX00H@Z 00404920 f   LIBCMTD:_trnsctrl_.obj
 0001:00003930       ?_CallSETranslator@@YAHPAUEHExceptionRecord@@PAUEHRegistrationNode@@PAX2PBU_s_FuncInfo@@H1@Z 00404930 f   LIBCMTD:_trnsctrl_.obj
 0001:00003a20       ?_GetRangeOfTrysToCheck@@YAPBU_s_TryBlockMapEntry@@PBU_s_FuncInfo@@HHPAI1@Z 00404a20 f   LIBCMTD:_trnsctrl_.obj
 0001:00003ab0       ?_JumpToContinuation@@YGXPAXPAUEHRegistrationNode@@@Z 00404ab0 f   LIBCMTD:_trnsctrl_.obj
 0001:00003af0       ?_UnwindNestedFrames@@YGXPAUEHRegistrationNode@@PAUEHExceptionRecord@@@Z 00404af0 f   LIBCMTD:_trnsctrl_.obj
 0001:00003b50       __CreateFrameInfo          00404b50 f   LIBCMTD:_trnsctrl_.obj
 0001:00003b80       __FindAndUnlinkFrame       00404b80 f   LIBCMTD:_trnsctrl_.obj
 0001:00003be0       __IsExceptionObjectToBeDestroyed 00404be0 f   LIBCMTD:_trnsctrl_.obj
 0001:00003c10       ___CxxFrameHandler         00404c10 f   LIBCMTD:_trnsctrl_.obj
 0001:00003c50       ___CxxFrameHandler2        00404c50 f   LIBCMTD:_trnsctrl_.obj
 0001:00003c90       ___CxxFrameHandler3        00404c90 f   LIBCMTD:_trnsctrl_.obj
 0001:00003cd0       ___CxxLongjmpUnwind@4      00404cd0 f   LIBCMTD:_trnsctrl_.obj
 0001:00003d00       ??0type_info@@AAE@ABV0@@Z  00404d00 f   LIBCMTD:typinfo.obj
 0001:00003d20       ??1type_info@@UAE@XZ       00404d20 f   LIBCMTD:typinfo.obj
 0001:00003d40       ??4type_info@@AAEAAV0@ABV0@@Z 00404d40 f   LIBCMTD:typinfo.obj
 0001:00003d50       ??8type_info@@QBE_NABV0@@Z 00404d50 f   LIBCMTD:typinfo.obj
 0001:00003d90       ??9type_info@@QBE_NABV0@@Z 00404d90 f   LIBCMTD:typinfo.obj
 0001:00003dd0       ??_Gtype_info@@UAEPAXI@Z   00404dd0 f i LIBCMTD:typinfo.obj
 0001:00003dd0       ??_Etype_info@@UAEPAXI@Z   00404dd0 f i LIBCMTD:typinfo.obj
 0001:00003e00       ?_name_internal_method@type_info@@QBEPBDPAU__type_info_node@@@Z 00404e00 f   LIBCMTD:typinfo.obj
 0001:00003e20       ?_type_info_dtor_internal_method@type_info@@QAEXXZ 00404e20 f   LIBCMTD:typinfo.obj
 0001:00003e40       ?before@type_info@@QBE_NABV1@@Z 00404e40 f   LIBCMTD:typinfo.obj
 0001:00003e80       ?name@type_info@@QBEPBDPAU__type_info_node@@@Z 00404e80 f   LIBCMTD:typinfo.obj
 0001:00003ea0       ?raw_name@type_info@@QBEPBDXZ 00404ea0 f   LIBCMTD:typinfo.obj
 0001:00003ec0       __fpmath                   00404ec0 f   LIBCMTD:fpinit.obj
 0001:00003ee0       ___setfflag                00404ee0 f   LIBCMTD:fpinit.obj
 0001:00003f00       __cfltcvt_init             00404f00 f   LIBCMTD:fpinit.obj
 0001:00003fc0       __cabs                     00404fc0 f   LIBCMTD:hypot.obj
 0001:00003ff0       __hypot                    00404ff0 f   LIBCMTD:hypot.obj
 0001:00004350       _WinMainCRTStartup         00405350 f   LIBCMTD:wincrt0.obj
 0001:000045c0       __FF_MSGBANNER             004055c0 f   LIBCMTD:crt0msg.obj
 0001:00004610       __GET_RTERRMSG             00405610 f   LIBCMTD:crt0msg.obj
 0001:00004650       __NMSG_WRITE               00405650 f   LIBCMTD:crt0msg.obj
 0001:00004a10       __set_abort_behavior       00405a10 f   LIBCMTD:abort.obj
 0001:00004a40       _abort                     00405a40 f   LIBCMTD:abort.obj
 0001:00004ab0       ___getlocaleinfo           00405ab0 f   LIBCMTD:inithelp.obj
 0001:00004db0       __initp_misc_purevirt      00405db0 f   LIBCMTD:inithelp.obj
 0001:00004dc0       _malloc                    00405dc0 f   LIBCMTD:dbgmalloc.obj
 0001:00004df0       ??0__non_rtti_object@std@@QAE@ABV01@@Z 00405df0 f   LIBCMTD:stdexcpt.obj
 0001:00004e20       ??0__non_rtti_object@std@@QAE@PBD@Z 00405e20 f   LIBCMTD:stdexcpt.obj
 0001:00004e50       ??0bad_cast@std@@QAE@ABV01@@Z 00405e50 f   LIBCMTD:stdexcpt.obj
 0001:00004e80       ??0bad_cast@std@@QAE@PBD@Z 00405e80 f   LIBCMTD:stdexcpt.obj
 0001:00004eb0       ??0bad_typeid@std@@QAE@ABV01@@Z 00405eb0 f   LIBCMTD:stdexcpt.obj
 0001:00004ee0       ??0bad_typeid@std@@QAE@PBD@Z 00405ee0 f   LIBCMTD:stdexcpt.obj
 0001:00004f10       ??0exception@std@@QAE@ABQBD@Z 00405f10 f   LIBCMTD:stdexcpt.obj
 0001:00004f50       ??0exception@std@@QAE@ABQBDH@Z 00405f50 f   LIBCMTD:stdexcpt.obj
 0001:00004f80       ??0exception@std@@QAE@ABV01@@Z 00405f80 f   LIBCMTD:stdexcpt.obj
 0001:00004fc0       ??0exception@std@@QAE@XZ   00405fc0 f   LIBCMTD:stdexcpt.obj
 0001:00004ff0       ??1__non_rtti_object@std@@UAE@XZ 00405ff0 f   LIBCMTD:stdexcpt.obj
 0001:00005010       ??1bad_cast@std@@UAE@XZ    00406010 f   LIBCMTD:stdexcpt.obj
 0001:00005030       ??1bad_typeid@std@@UAE@XZ  00406030 f   LIBCMTD:stdexcpt.obj
 0001:00005050       ??1exception@std@@UAE@XZ   00406050 f   LIBCMTD:stdexcpt.obj
 0001:00005070       ??4exception@std@@QAEAAV01@ABV01@@Z 00406070 f   LIBCMTD:stdexcpt.obj
 0001:000050c0       ??_E__non_rtti_object@std@@UAEPAXI@Z 004060c0 f i LIBCMTD:stdexcpt.obj
 0001:000050c0       ??_G__non_rtti_object@std@@UAEPAXI@Z 004060c0 f i LIBCMTD:stdexcpt.obj
 0001:000050f0       ??_Ebad_cast@std@@UAEPAXI@Z 004060f0 f i LIBCMTD:stdexcpt.obj
 0001:000050f0       ??_Gbad_cast@std@@UAEPAXI@Z 004060f0 f i LIBCMTD:stdexcpt.obj
 0001:00005120       ??_Ebad_typeid@std@@UAEPAXI@Z 00406120 f i LIBCMTD:stdexcpt.obj
 0001:00005120       ??_Gbad_typeid@std@@UAEPAXI@Z 00406120 f i LIBCMTD:stdexcpt.obj
 0001:00005150       ??_Eexception@std@@UAEPAXI@Z 00406150 f i LIBCMTD:stdexcpt.obj
 0001:00005150       ??_Gexception@std@@UAEPAXI@Z 00406150 f i LIBCMTD:stdexcpt.obj
 0001:00005180       ?_Copy_str@exception@std@@AAEXPBD@Z 00406180 f   LIBCMTD:stdexcpt.obj
 0001:000051e0       ?_Tidy@exception@std@@AAEXXZ 004061e0 f   LIBCMTD:stdexcpt.obj
 0001:00005220       ?what@exception@std@@UBEPBDXZ 00406220 f   LIBCMTD:stdexcpt.obj
 0001:00005250       ?_query_new_handler@@YAP6AHI@ZXZ 00406250 f   LIBCMTD:handler.obj
 0001:00005270       ?_set_new_handler@@YAP6AHI@ZH@Z 00406270 f   LIBCMTD:handler.obj
 0001:000052b0       ?_set_new_handler@@YAP6AHI@ZP6AHI@Z@Z 004062b0 f   LIBCMTD:handler.obj
 0001:000052f0       __callnewh                 004062f0 f   LIBCMTD:handler.obj
 0001:00005330       __initp_heap_handler       00406330 f   LIBCMTD:handler.obj
 0001:00005340       __CxxThrowException@8      00406340 f   LIBCMTD:throw.obj
 0001:000053e0       __lock                     004063e0 f   LIBCMTD:mlock.obj
 0001:00005420       __lockerr_exit             00406420 f   LIBCMTD:mlock.obj
 0001:00005450       __mtdeletelocks            00406450 f   LIBCMTD:mlock.obj
 0001:00005510       __mtinitlocknum            00406510 f   LIBCMTD:mlock.obj
 0001:00005630       __mtinitlocks              00406630 f   LIBCMTD:mlock.obj
 0001:000056b0       __unlock                   004066b0 f   LIBCMTD:mlock.obj
 0001:00005b60       __CrtCheckMemory           00406b60 f   LIBCMTD:dbgheap.obj
 0001:00005fc0       __CrtDoForAllClientObjects 00406fc0 f   LIBCMTD:dbgheap.obj
 0001:000060f0       __CrtDumpMemoryLeaks       004070f0 f   LIBCMTD:dbgheap.obj
 0001:00006190       __CrtGetAllocHook          00407190 f   LIBCMTD:dbgheap.obj
 0001:000061a0       __CrtGetCheckCount         004071a0 f   LIBCMTD:dbgheap.obj
 0001:000061b0       __CrtGetDumpClient         004071b0 f   LIBCMTD:dbgheap.obj
 0001:000061c0       __CrtIsMemoryBlock         004071c0 f   LIBCMTD:dbgheap.obj
 0001:00006330       __CrtIsValidHeapPointer    00407330 f   LIBCMTD:dbgheap.obj
 0001:00006370       __CrtIsValidPointer        00407370 f   LIBCMTD:dbgheap.obj
 0001:000063a0       __CrtMemCheckpoint         004073a0 f   LIBCMTD:dbgheap.obj
 0001:000065d0       __CrtMemDifference         004075d0 f   LIBCMTD:dbgheap.obj
 0001:00006830       __CrtMemDumpAllObjectsSince 00407830 f   LIBCMTD:dbgheap.obj
 0001:00006870       __CrtMemDumpStatistics     00407870 f   LIBCMTD:dbgheap.obj
 0001:00006990       __CrtReportBlockType       00407990 f   LIBCMTD:dbgheap.obj
 0001:000069c0       __CrtSetAllocHook          004079c0 f   LIBCMTD:dbgheap.obj
 0001:000069e0       __CrtSetBreakAlloc         004079e0 f   LIBCMTD:dbgheap.obj
 0001:00006a00       __CrtSetCheckCount         00407a00 f   LIBCMTD:dbgheap.obj
 0001:00006a20       __CrtSetDbgBlockType       00407a20 f   LIBCMTD:dbgheap.obj
 0001:00006b10       __CrtSetDbgFlag            00407b10 f   LIBCMTD:dbgheap.obj
 0001:00006c60       __CrtSetDebugFillThreshold 00407c60 f   LIBCMTD:dbgheap.obj
 0001:00006c80       __CrtSetDumpClient         00407c80 f   LIBCMTD:dbgheap.obj
 0001:00006ca0       __aligned_free             00407ca0 f   LIBCMTD:dbgheap.obj
 0001:00006cc0       __aligned_free_dbg         00407cc0 f   LIBCMTD:dbgheap.obj
 0001:00006d70       __aligned_malloc           00407d70 f   LIBCMTD:dbgheap.obj
 0001:00006d90       __aligned_malloc_dbg       00407d90 f   LIBCMTD:dbgheap.obj
 0001:00006db0       __aligned_msize            00407db0 f   LIBCMTD:dbgheap.obj
 0001:00006dd0       __aligned_msize_dbg        00407dd0 f   LIBCMTD:dbgheap.obj
 0001:00006ef0       __aligned_offset_malloc    00407ef0 f   LIBCMTD:dbgheap.obj
 0001:00006f10       __aligned_offset_malloc_dbg 00407f10 f   LIBCMTD:dbgheap.obj
 0001:000070f0       __aligned_offset_realloc   004080f0 f   LIBCMTD:dbgheap.obj
 0001:00007120       __aligned_offset_realloc_dbg 00408120 f   LIBCMTD:dbgheap.obj
 0001:00007430       __aligned_offset_recalloc  00408430 f   LIBCMTD:dbgheap.obj
 0001:00007460       __aligned_offset_recalloc_dbg 00408460 f   LIBCMTD:dbgheap.obj
 0001:00007520       __aligned_realloc          00408520 f   LIBCMTD:dbgheap.obj
 0001:00007540       __aligned_realloc_dbg      00408540 f   LIBCMTD:dbgheap.obj
 0001:00007570       __aligned_recalloc         00408570 f   LIBCMTD:dbgheap.obj
 0001:000075a0       __aligned_recalloc_dbg     004085a0 f   LIBCMTD:dbgheap.obj
 0001:000075d0       __calloc_dbg               004085d0 f   LIBCMTD:dbgheap.obj
 0001:00007630       __calloc_dbg_impl          00408630 f   LIBCMTD:dbgheap.obj
 0001:000076b0       __expand                   004086b0 f   LIBCMTD:dbgheap.obj
 0001:000076e0       __expand_dbg               004086e0 f   LIBCMTD:dbgheap.obj
 0001:00007810       __free_dbg                 00408810 f   LIBCMTD:dbgheap.obj
 0001:00007890       __free_dbg_nolock          00408890 f   LIBCMTD:dbgheap.obj
 0001:00007d90       __free_nolock              00408d90 f   LIBCMTD:dbgheap.obj
 0001:00007db0       __heap_alloc               00408db0 f   LIBCMTD:dbgheap.obj
 0001:00007dd0       __heap_alloc_dbg           00408dd0 f   LIBCMTD:dbgheap.obj
 0001:00008200       __malloc_dbg               00409200 f   LIBCMTD:dbgheap.obj
 0001:00008230       __msize                    00409230 f   LIBCMTD:dbgheap.obj
 0001:00008250       __msize_dbg                00409250 f   LIBCMTD:dbgheap.obj
 0001:00008460       __nh_malloc                00409460 f   LIBCMTD:dbgheap.obj
 0001:00008480       __nh_malloc_dbg            00409480 f   LIBCMTD:dbgheap.obj
 0001:00008710       __realloc_dbg              00409710 f   LIBCMTD:dbgheap.obj
 0001:000087b0       __recalloc                 004097b0 f   LIBCMTD:dbgheap.obj
 0001:000087e0       __recalloc_dbg             004097e0 f   LIBCMTD:dbgheap.obj
 0001:00008f00       __except_handler4          00409f00 f   LIBCMTD:chandler4.obj
 0001:000090c0       __VEC_memset               0040a0c0 f   LIBCMTD:p4_memset.obj
 0001:00009190       ___isa_available_init      0040a190 f   LIBCMTD:cpu_disp.obj
 0001:00009440       ?_invalid_parameter@@YAXPBG00II@Z 0040a440 f   LIBCMTD:invarg.obj
 0001:00009470       ?_invoke_watson@@YAXPBG00II@Z 0040a470 f   LIBCMTD:invarg.obj
 0001:00009490       __call_reportfault         0040a490 f   LIBCMTD:invarg.obj
 0001:000095f0       __get_invalid_parameter_handler 0040a5f0 f   LIBCMTD:invarg.obj
 0001:00009620       __initp_misc_invarg        0040a620 f   LIBCMTD:invarg.obj
 0001:00009630       __invalid_parameter        0040a630 f   LIBCMTD:invarg.obj
 0001:00009690       __invoke_watson            0040a690 f   LIBCMTD:invarg.obj
 0001:000096d0       __set_invalid_parameter_handler 0040a6d0 f   LIBCMTD:invarg.obj
 0001:00009710       ___addlocaleref            0040a710 f   LIBCMTD:localref.obj
 0001:00009830       ___freetlocinfo            0040a830 f   LIBCMTD:localref.obj
 0001:00009b20       ___removelocaleref         0040ab20 f   LIBCMTD:localref.obj
 0001:00009c40       ___updatetlocinfo          0040ac40 f   LIBCMTD:localref.obj
 0001:00009d10       __updatetlocinfoEx_nolock  0040ad10 f   LIBCMTD:localref.obj
 0001:00009d90       ___initmbctable            0040ad90 f   LIBCMTD:mbctype.obj
 0001:0000a3b0       ___updatetmbcinfo          0040b3b0 f   LIBCMTD:mbctype.obj
 0001:0000a4d0       __getmbcp                  0040b4d0 f   LIBCMTD:mbctype.obj
 0001:0000a540       __setmbcp                  0040b540 f   LIBCMTD:mbctype.obj
 0001:0000a7e0       __setmbcp_nolock           0040b7e0 f   LIBCMTD:mbctype.obj
 0001:0000ab60       _strcmp                    0040bb60 f   LIBCMTD:strcmp.obj
 0001:0000abf0       ___get_flsindex            0040bbf0 f   LIBCMTD:tidtable.obj
 0001:0000ac00       ___threadhandle            0040bc00 f   LIBCMTD:tidtable.obj
 0001:0000ac10       ___threadid                0040bc10 f   LIBCMTD:tidtable.obj
 0001:0000ac20       __freefls@4                0040bc20 f   LIBCMTD:tidtable.obj
 0001:0000ae20       __freeptd                  0040be20 f   LIBCMTD:tidtable.obj
 0001:0000ae60       __getptd                   0040be60 f   LIBCMTD:tidtable.obj
 0001:0000ae90       __getptd_noexit            0040be90 f   LIBCMTD:tidtable.obj
 0001:0000af40       __initptd                  0040bf40 f   LIBCMTD:tidtable.obj
 0001:0000b080       __mtinit                   0040c080 f   LIBCMTD:tidtable.obj
 0001:0000b130       __mtterm                   0040c130 f   LIBCMTD:tidtable.obj
 0001:0000b160       ___doserrno                0040c160 f   LIBCMTD:dosmap.obj
 0001:0000b190       __dosmaperr                0040c190 f   LIBCMTD:dosmap.obj
 0001:0000b1c0       __errno                    0040c1c0 f   LIBCMTD:dosmap.obj
 0001:0000b1f0       __get_doserrno             0040c1f0 f   LIBCMTD:dosmap.obj
 0001:0000b280       __get_errno                0040c280 f   LIBCMTD:dosmap.obj
 0001:0000b310       __get_errno_from_oserr     0040c310 f   LIBCMTD:dosmap.obj
 0001:0000b390       __set_doserrno             0040c390 f   LIBCMTD:dosmap.obj
 0001:0000b3c0       __set_errno                0040c3c0 f   LIBCMTD:dosmap.obj
 0001:0000b3f0       ___raise_securityfailure   0040c3f0 f   LIBCMTD:gs_report.obj
 0001:0000b440       ___report_gsfailure        0040c440 f   LIBCMTD:gs_report.obj
 0001:0000b550       ___report_rangecheckfailure 0040c550 f   LIBCMTD:gs_report.obj
 0001:0000b560       ___report_securityfailure  0040c560 f   LIBCMTD:gs_report.obj
 0001:0000b640       ___report_securityfailureEx 0040c640 f   LIBCMTD:gs_report.obj
 0001:0000b770       _memcpy_s                  0040c770 f   LIBCMTD:memcpy_s.obj
 0001:0000b940       _wcscpy_s                  0040c940 f   LIBCMTD:wcscpy_s.obj
 0001:0000bc50       _wcslen                    0040cc50 f   LIBCMTD:wcslen.obj
 0001:0000bc90       ___copy_path_to_wide_string 0040cc90 f   LIBCMTD:crt0dat.obj
 0001:0000be80       ___copy_to_char            0040ce80 f   LIBCMTD:crt0dat.obj
 0001:0000c070       ___crtCorExitProcess       0040d070 f   LIBCMTD:crt0dat.obj
 0001:0000c0b0       ___crtExitProcess          0040d0b0 f   LIBCMTD:crt0dat.obj
 0001:0000c0d0       ___freeCrtMemory           0040d0d0 f   LIBCMTD:crt0dat.obj
 0001:0000c2a0       __amsg_exit                0040d2a0 f   LIBCMTD:crt0dat.obj
 0001:0000c2c0       __c_exit                   0040d2c0 f   LIBCMTD:crt0dat.obj
 0001:0000c2e0       __cexit                    0040d2e0 f   LIBCMTD:crt0dat.obj
 0001:0000c300       __cinit                    0040d300 f   LIBCMTD:crt0dat.obj
 0001:0000c3a0       __exit                     0040d3a0 f   LIBCMTD:crt0dat.obj
 0001:0000c3c0       __exit_app                 0040d3c0 f   LIBCMTD:crt0dat.obj
 0001:0000c3e0       __get_pgmptr               0040d3e0 f   LIBCMTD:crt0dat.obj
 0001:0000c500       __get_wpgmptr              0040d500 f   LIBCMTD:crt0dat.obj
 0001:0000c620       __init_pointers            0040d620 f   LIBCMTD:crt0dat.obj
 0001:0000c6b0       __initterm_e               0040d6b0 f   LIBCMTD:crt0dat.obj
 0001:0000c6f0       __lockexit                 0040d6f0 f   LIBCMTD:crt0dat.obj
 0001:0000c700       __unlockexit               0040d700 f   LIBCMTD:crt0dat.obj
 0001:0000c900       _exit                      0040d900 f   LIBCMTD:crt0dat.obj
 0001:0000c920       ___swprintf_l              0040d920 f   LIBCMTD:swprintf.obj
 0001:0000c950       __scwprintf                0040d950 f   LIBCMTD:swprintf.obj
 0001:0000c970       __scwprintf_l              0040d970 f   LIBCMTD:swprintf.obj
 0001:0000c9a0       __scwprintf_p              0040d9a0 f   LIBCMTD:swprintf.obj
 0001:0000c9c0       __scwprintf_p_l            0040d9c0 f   LIBCMTD:swprintf.obj
 0001:0000c9f0       __snwprintf_s              0040d9f0 f   LIBCMTD:swprintf.obj
 0001:0000ca20       __snwprintf_s_l            0040da20 f   LIBCMTD:swprintf.obj
 0001:0000ca50       __swprintf                 0040da50 f   LIBCMTD:swprintf.obj
 0001:0000cc70       __swprintf_p               0040dc70 f   LIBCMTD:swprintf.obj
 0001:0000cca0       __swprintf_p_l             0040dca0 f   LIBCMTD:swprintf.obj
 0001:0000ccd0       __swprintf_s_l             0040dcd0 f   LIBCMTD:swprintf.obj
 0001:0000cd00       _swprintf_s                0040dd00 f   LIBCMTD:swprintf.obj
 0001:0000cd30       ___fpecode                 0040dd30 f   LIBCMTD:winsig.obj
 0001:0000cd40       ___get_sigabrt             0040dd40 f   LIBCMTD:winsig.obj
 0001:0000cd60       ___pxcptinfoptrs           0040dd60 f   LIBCMTD:winsig.obj
 0001:0000cd70       __initp_misc_winsig        0040dd70 f   LIBCMTD:winsig.obj
 0001:0000cea0       _raise                     0040dea0 f   LIBCMTD:winsig.obj
 0001:0000d230       _signal                    0040e230 f   LIBCMTD:winsig.obj
 0001:0000d5e0       ___crtMessageBoxW          0040e5e0 f   LIBCMTD:crtmboxw.obj
 0001:0000d8f0       ___crtMessageBoxWaitThreadW@4 0040e8f0 f   LIBCMTD:crtmboxw.obj
 0001:0000d930       __CrtDbgBreak              0040e930 f   LIBCMTD:dbgrptt.obj
 0001:0000d940       __CrtGetReportHook         0040e940 f   LIBCMTD:dbgrptt.obj
 0001:0000d950       __CrtSetReportFile         0040e950 f   LIBCMTD:dbgrptt.obj
 0001:0000da50       __CrtSetReportHook         0040ea50 f   LIBCMTD:dbgrptt.obj
 0001:0000da70       __CrtSetReportMode         0040ea70 f   LIBCMTD:dbgrptt.obj
 0001:0000dbc0       __VCrtDbgReportA           0040ebc0 f   LIBCMTD:dbgrptt.obj
 0001:0000e430       __VCrtDbgReportW           0040f430 f   LIBCMTD:dbgrptt.obj
 0001:0000edb0       __alloca_probe             0040fdb0 f   LIBCMTD:chkstk.obj
 0001:0000edb0       __chkstk                   0040fdb0 f   LIBCMTD:chkstk.obj
 0001:0000ef30       ?_RTC_AllocaFailure@@YAXPAXPAU_RTC_ALLOCA_NODE@@H@Z 0040ff30 f   LIBCMTD:error.obj
 0001:0000f0b0       ?_RTC_Failure@@YAXPAXH@Z   004100b0 f   LIBCMTD:error.obj
 0001:0000f100       ?_RTC_StackFailure@@YAXPAXPBD@Z 00410100 f   LIBCMTD:error.obj
 0001:0000f480       __RTC_UninitUse            00410480 f   LIBCMTD:error.obj
 0001:0000f570       ?_RTC_GetErrorFunc@@YAP6AHHPBDH00ZZPBX@Z 00410570 f   LIBCMTD:userapi.obj
 0001:0000f580       ?_RTC_GetErrorFuncW@@YAP6AHHPB_WH00ZZPBX@Z 00410580 f   LIBCMTD:userapi.obj
 0001:0000f590       __RTC_GetErrDesc           00410590 f   LIBCMTD:userapi.obj
 0001:0000f5b0       __RTC_NumErrors            004105b0 f   LIBCMTD:userapi.obj
 0001:0000f5c0       __RTC_SetErrorFunc         004105c0 f   LIBCMTD:userapi.obj
 0001:0000f5e0       __RTC_SetErrorFuncW        004105e0 f   LIBCMTD:userapi.obj
 0001:0000f600       __RTC_SetErrorType         00410600 f   LIBCMTD:userapi.obj
 0001:0000f630       __CRT_RTC_INIT             00410630 f   LIBCMTD:chkesp.obj
 0001:0000f640       __CRT_RTC_INITW            00410640 f   LIBCMTD:chkesp.obj
 0001:0000f650       __chkesp                   00410650 f   LIBCMTD:chkesp.obj
 0001:0000f690       __CallSettingFrame@12      00410690 f   LIBCMTD:lowhelpr.obj
 0001:0000f6b7       __NLG_Return               004106b7     LIBCMTD:lowhelpr.obj
 0001:0000f6e0       ?_inconsistency@@YAXXZ     004106e0 f   LIBCMTD:hooks.obj
 0001:0000f770       ?terminate@@YAXXZ          00410770 f   LIBCMTD:hooks.obj
 0001:0000f7f0       ?unexpected@@YAXXZ         004107f0 f   LIBCMTD:hooks.obj
 0001:0000f820       __initp_eh_hooks           00410820 f   LIBCMTD:hooks.obj
 0001:0000f840       ___DestructExceptionObject 00410840 f   LIBCMTD:frame.obj
 0001:0000f960       ??0bad_exception@std@@QAE@ABV01@@Z 00410960 f i LIBCMTD:frame.obj
 0001:0000f990       ??0bad_exception@std@@QAE@PBD@Z 00410990 f i LIBCMTD:frame.obj
 0001:0000f9c0       ??1bad_exception@std@@UAE@XZ 004109c0 f i LIBCMTD:frame.obj
 0001:0000f9e0       ??_Ebad_exception@std@@UAEPAXI@Z 004109e0 f i LIBCMTD:frame.obj
 0001:0000f9e0       ??_Gbad_exception@std@@UAEPAXI@Z 004109e0 f i LIBCMTD:frame.obj
 0001:000105e0       ?__uncaught_exception@@YA_NXZ 004115e0 f   LIBCMTD:frame.obj
 0001:00010610       ?_is_exception_typeof@@YAHABVtype_info@@PAU_EXCEPTION_POINTERS@@@Z 00411610 f   LIBCMTD:frame.obj
 0001:000106f0       __SetWinRTOutOfMemoryExceptionCallback 004116f0 f   LIBCMTD:frame.obj
 0001:00010700       ___AdjustPointer           00411700 f   LIBCMTD:frame.obj
 0001:00010750       ___BuildCatchObject        00411750 f   LIBCMTD:frame.obj
 0001:00010860       ___BuildCatchObjectHelper  00411860 f   LIBCMTD:frame.obj
 0001:00010b60       ___CxxDetectRethrow        00411b60 f   LIBCMTD:frame.obj
 0001:00010be0       ___CxxExceptionFilter      00411be0 f   LIBCMTD:frame.obj
 0001:00010de0       ___CxxQueryExceptionSize   00411de0 f   LIBCMTD:frame.obj
 0001:00010df0       ___CxxRegisterExceptionObject 00411df0 f   LIBCMTD:frame.obj
 0001:00010f30       ___CxxUnregisterExceptionObject 00411f30 f   LIBCMTD:frame.obj
 0001:000110b0       ___FrameUnwindFilter       004120b0 f   LIBCMTD:frame.obj
 0001:00011130       ___FrameUnwindToState      00412130 f   LIBCMTD:frame.obj
 0001:000112b0       ___GetPlatformExceptionInfo 004122b0 f   LIBCMTD:frame.obj
 0001:00011370       ___InternalCxxFrameHandler 00412370 f   LIBCMTD:frame.obj
 0001:000114e0       ___TypeMatch               004124e0 f   LIBCMTD:frame.obj
 0001:000115c0       ?_Name_base@type_info@@CAPBDPBV1@PAU__type_info_node@@@Z 004125c0 f   LIBCMTD:typname.obj
 0001:00011770       ?_Name_base_internal@type_info@@CAPBDPBV1@PAU__type_info_node@@@Z 00412770 f   LIBCMTD:typname.obj
 0001:00011930       ?_Type_info_dtor@type_info@@CAXPAV1@@Z 00412930 f   LIBCMTD:typname.obj
 0001:00011a40       ?_Type_info_dtor_internal@type_info@@CAXPAV1@@Z 00412a40 f   LIBCMTD:typname.obj
 0001:00011b50       ___clean_type_info_names_internal 00412b50 f   LIBCMTD:typname.obj
 0001:00011c00       ___unDNameHelper           00412c00 f   LIBCMTD:typname.obj
 0001:00011c40       ?strrchr@@YAPADPADH@Z      00412c40 f i LIBCMTD:cvt.obj
 0001:00011c60       __cfltcvt                  00412c60 f   LIBCMTD:cvt.obj
 0001:00011c90       __cfltcvt_l                00412c90 f   LIBCMTD:cvt.obj
 0001:00011d50       __cftoa                    00412d50 f   LIBCMTD:cvt.obj
 0001:00011d80       __cftoa_l                  00412d80 f   LIBCMTD:cvt.obj
 0001:000125f0       __cftoe                    004135f0 f   LIBCMTD:cvt.obj
 0001:00012a30       __cftoe_l                  00413a30 f   LIBCMTD:cvt.obj
 0001:00012c60       __cftof                    00413c60 f   LIBCMTD:cvt.obj
 0001:00012f10       __cftof_l                  00413f10 f   LIBCMTD:cvt.obj
 0001:00013110       __cftog                    00414110 f   LIBCMTD:cvt.obj
 0001:00013140       __cftog_l                  00414140 f   LIBCMTD:cvt.obj
 0001:000133d0       __cropzeros                004143d0 f   LIBCMTD:cvt.obj
 0001:000133f0       __cropzeros_l              004143f0 f   LIBCMTD:cvt.obj
 0001:00013510       __fassign                  00414510 f   LIBCMTD:cvt.obj
 0001:00013530       __fassign_l                00414530 f   LIBCMTD:cvt.obj
 0001:00013580       __forcdecpt                00414580 f   LIBCMTD:cvt.obj
 0001:000135a0       __forcdecpt_l              004145a0 f   LIBCMTD:cvt.obj
 0001:00013670       __positive                 00414670 f   LIBCMTD:cvt.obj
 0001:000136d0       __setdefaultprecision      004146d0 f   LIBCMTD:fp8.obj
 0001:00013710       __initp_misc_cfltcvt_tab   00414710 f   LIBCMTD:cmiscdat.obj
 0001:00013750       __CIsqrt                   00414750 f   LIBCMTD:sqrt.obj
 0001:00013764       _sqrt                      00414764     LIBCMTD:sqrt.obj
 0001:00013810       __add_exp                  00414810 f   LIBCMTD:util.obj
 0001:00013840       __decomp                   00414840 f   LIBCMTD:util.obj
 0001:00013960       __get_exp                  00414960 f   LIBCMTD:util.obj
 0001:00013990       __set_bexp                 00414990 f   LIBCMTD:util.obj
 0001:000139c0       __set_exp                  004149c0 f   LIBCMTD:util.obj
 0001:00013a00       __sptype                   00414a00 f   LIBCMTD:util.obj
 0001:00013a80       __errcode                  00414a80 f   LIBCMTD:fpexcept.obj
 0001:00013af0       __except1                  00414af0 f   LIBCMTD:fpexcept.obj
 0001:00013bf0       __except2                  00414bf0 f   LIBCMTD:fpexcept.obj
 0001:00013d40       __handle_exc               00414d40 f   LIBCMTD:fpexcept.obj
 0001:00014060       __handle_qnan1             00415060 f   LIBCMTD:fpexcept.obj
 0001:000140c0       __handle_qnan2             004150c0 f   LIBCMTD:fpexcept.obj
 0001:00014130       __raise_exc                00415130 f   LIBCMTD:fpexcept.obj
 0001:00014160       __raise_exc_ex             00415160 f   LIBCMTD:fpexcept.obj
 0001:000146e0       __raise_excf               004156e0 f   LIBCMTD:fpexcept.obj
 0001:00014710       __set_errno_from_matherr   00415710 f   LIBCMTD:fpexcept.obj
 0001:00014750       __umatherr                 00415750 f   LIBCMTD:fpexcept.obj
 0001:000147f0       ___clrfp_sse2              004157f0 f   LIBCMTD:fpctrl.obj
 0001:00014830       ___ctrlfp_sse2             00415830 f   LIBCMTD:fpctrl.obj
 0001:00014890       ___fclrf_sse2              00415890 f   LIBCMTD:fpctrl.obj
 0001:000148b0       ___get_fpsr_sse2           004158b0 f   LIBCMTD:fpctrl.obj
 0001:000148e0       ___set_fpsr_sse2           004158e0 f   LIBCMTD:fpctrl.obj
 0001:000149c0       ___set_statfp_sse2         004159c0 f   LIBCMTD:fpctrl.obj
 0001:000149f0       ___statfp_sse2             004159f0 f   LIBCMTD:fpctrl.obj
 0001:00014a20       __clrfp                    00415a20 f   LIBCMTD:fpctrl.obj
 0001:00014a40       __ctrlfp                   00415a40 f   LIBCMTD:fpctrl.obj
 0001:00014a70       __set_statfp               00415a70 f   LIBCMTD:fpctrl.obj
 0001:00014ae0       __statfp                   00415ae0 f   LIBCMTD:fpctrl.obj
 0001:00014af0       ?__CxxUnhandledExceptionFilter@@YGJPAU_EXCEPTION_POINTERS@@@Z 00415af0 f   LIBCMTD:unhandld.obj
 0001:00014b60       ___CxxSetUnhandledExceptionFilter 00415b60 f   LIBCMTD:unhandld.obj
 0001:00014b80       __XcptFilter               00415b80 f   LIBCMTD:winxfltr.obj
 0001:00014d80       ___CppXcptFilter           00415d80 f   LIBCMTD:winxfltr.obj
 0001:00014e10       __get_heap_handle          00415e10 f   LIBCMTD:heapinit.obj
 0001:00014e50       __heap_init                00415e50 f   LIBCMTD:heapinit.obj
 0001:00014e80       __heap_term                00415e80 f   LIBCMTD:heapinit.obj
 0001:00014e90       __ioinit                   00415e90 f   LIBCMTD:ioinit.obj
 0001:00015370       __ioterm                   00416370 f   LIBCMTD:ioinit.obj
 0001:00015410       __set_pgmptr               00416410 f i LIBCMTD:stdargv.obj
 0001:00015420       __setargv                  00416420 f   LIBCMTD:stdargv.obj
 0001:000158f0       __setenvp                  004168f0 f   LIBCMTD:stdenvp.obj
 0001:00015a90       ___set_app_type            00416a90 f   LIBCMTD:errmode.obj
 0001:00015aa0       __set_error_mode           00416aa0 f   LIBCMTD:errmode.obj
 0001:00015b60       ___security_init_cookie    00416b60 f   LIBCMTD:gs_support.obj
 0001:00015c40       __RTC_Initialize           00416c40 f   LIBCMTD:initsect.obj
 0001:00015c70       __RTC_Terminate            00416c70 f   LIBCMTD:initsect.obj
 0001:00015ca0       ___crtGetEnvironmentStringsA 00416ca0 f   LIBCMTD:a_env.obj
 0001:00015df0       ___crtCloseThreadpoolTimer 00416df0 f   LIBCMTD:winapisupp.obj
 0001:00015e20       ___crtCloseThreadpoolWait  00416e20 f   LIBCMTD:winapisupp.obj
 0001:00015e50       ___crtCreateEventExW       00416e50 f   LIBCMTD:winapisupp.obj
 0001:00015eb0       ___crtCreateSemaphoreExW   00416eb0 f   LIBCMTD:winapisupp.obj
 0001:00015f10       ___crtCreateSymbolicLinkW  00416f10 f   LIBCMTD:winapisupp.obj
 0001:00015f50       ___crtCreateThreadpoolTimer 00416f50 f   LIBCMTD:winapisupp.obj
 0001:00015f90       ___crtCreateThreadpoolWait 00416f90 f   LIBCMTD:winapisupp.obj
 0001:00015fd0       ___crtFlsAlloc             00416fd0 f   LIBCMTD:winapisupp.obj
 0001:00016000       ___crtFlsFree              00417000 f   LIBCMTD:winapisupp.obj
 0001:00016040       ___crtFlsGetValue          00417040 f   LIBCMTD:winapisupp.obj
 0001:00016080       ___crtFlsSetValue          00417080 f   LIBCMTD:winapisupp.obj
 0001:000160c0       ___crtFlushProcessWriteBuffers 004170c0 f   LIBCMTD:winapisupp.obj
 0001:000160f0       ___crtFreeLibraryWhenCallbackReturns 004170f0 f   LIBCMTD:winapisupp.obj
 0001:00016120       ___crtGetCurrentProcessorNumber 00417120 f   LIBCMTD:winapisupp.obj
 0001:00016150       ___crtGetFileInformationByHandleEx 00417150 f   LIBCMTD:winapisupp.obj
 0001:00016190       ___crtGetLogicalProcessorInformation 00417190 f   LIBCMTD:winapisupp.obj
 0001:000161d0       ___crtGetShowWindowMode    004171d0 f   LIBCMTD:winapisupp.obj
 0001:00016200       ___crtGetTickCount64       00417200 f   LIBCMTD:winapisupp.obj
 0001:00016230       ___crtInitializeCriticalSectionEx 00417230 f   LIBCMTD:winapisupp.obj
 0001:00016280       ___crtIsPackagedApp        00417280 f   LIBCMTD:winapisupp.obj
 0001:000162c0       ___crtLoadWinApiPointers   004172c0 f   LIBCMTD:winapisupp.obj
 0001:00016760       ___crtSetFileInformationByHandle 00417760 f   LIBCMTD:winapisupp.obj
 0001:000167a0       ___crtSetThreadStackGuarantee 004177a0 f   LIBCMTD:winapisupp.obj
 0001:000167d0       ___crtSetThreadpoolTimer   004177d0 f   LIBCMTD:winapisupp.obj
 0001:00016810       ___crtSetThreadpoolWait    00417810 f   LIBCMTD:winapisupp.obj
 0001:00016840       ___crtSetUnhandledExceptionFilter 00417840 f   LIBCMTD:winapisupp.obj
 0001:00016850       ___crtSleep                00417850 f   LIBCMTD:winapisupp.obj
 0001:00016860       ___crtTerminateProcess     00417860 f   LIBCMTD:winapisupp.obj
 0001:00016880       ___crtUnhandledException   00417880 f   LIBCMTD:winapisupp.obj
 0001:000168a0       ___crtWaitForThreadpoolTimerCallbacks 004178a0 f   LIBCMTD:winapisupp.obj
 0001:000168d0       __wincmdln                 004178d0 f   LIBCMTD:wincmdln.obj
 0001:000169b0       _strlen                    004179b0 f   LIBCMTD:strlen.obj
 0001:00016a40       _wcscat_s                  00417a40 f   LIBCMTD:wcscat_s.obj
 0001:00016e50       _wcsncpy_s                 00417e50 f   LIBCMTD:wcsncpy_s.obj
 0001:00017280       _strncpy_s                 00418280 f   LIBCMTD:strncpy_s.obj
 0001:000177d0       __MallocaIsSizeInRange     004187d0 f i LIBCMTD:a_loc.obj
 0001:00017800       __MarkAllocaS              00418800 f i LIBCMTD:a_loc.obj
 0001:00017820       ___crtGetLocaleInfoA       00418820 f   LIBCMTD:a_loc.obj
 0001:00017870       __freea                    00418870 f i LIBCMTD:a_loc.obj
 0001:000178e0       _GetTableIndexFromLcid     004188e0 f   LIBCMTD:winapinls.obj
 0001:00017950       _GetTableIndexFromLocaleName 00418950 f   LIBCMTD:winapinls.obj
 0001:000179e0       ___crtCompareStringEx      004189e0 f   LIBCMTD:winapinls.obj
 0001:00017a50       ___crtDownlevelLCIDToLocaleName 00418a50 f   LIBCMTD:winapinls.obj
 0001:00017b20       ___crtDownlevelLocaleNameToLCID 00418b20 f   LIBCMTD:winapinls.obj
 0001:00017b80       ___crtEnumSystemLocalesEx  00418b80 f   LIBCMTD:winapinls.obj
 0001:00017bf0       ___crtGetDateFormatEx      00418bf0 f   LIBCMTD:winapinls.obj
 0001:00017c60       ___crtGetLocaleInfoEx      00418c60 f   LIBCMTD:winapinls.obj
 0001:00017cc0       ___crtGetTimeFormatEx      00418cc0 f   LIBCMTD:winapinls.obj
 0001:00017d30       ___crtGetUserDefaultLocaleName 00418d30 f   LIBCMTD:winapinls.obj
 0001:00017d80       ___crtIsValidLocaleName    00418d80 f   LIBCMTD:winapinls.obj
 0001:00017dc0       ___crtLCMapStringEx        00418dc0 f   LIBCMTD:winapinls.obj
 0001:00017e30       ___wcsnicmp_ascii          00418e30 f   LIBCMTD:winapinls.obj
 0001:00017f00       _free                      00418f00 f   LIBCMTD:dbgfree.obj
 0001:00017f20       _strcpy_s                  00418f20 f   LIBCMTD:strcpy_s.obj
 0001:00018220       __chvalidator              00419220 f   LIBCMTD:isctype.obj
 0001:00018270       __chvalidator_l            00419270 f   LIBCMTD:isctype.obj
 0001:00018330       __isctype                  00419330 f   LIBCMTD:isctype.obj
 0001:00018370       __isctype_l                00419370 f   LIBCMTD:isctype.obj
 0001:000184c0       _memcpy                    004194c0 f   LIBCMTD:memcpy.obj
 0001:00018b10       __free_base                00419b10 f   LIBCMTD:free.obj
 0001:00018b60       __realloc_base             00419b60 f   LIBCMTD:realloc.obj
 0001:00018c60       __expand_base              00419c60 f   LIBCMTD:expand.obj
 0001:00018dd0       __CrtDbgReport             00419dd0 f   LIBCMTD:dbgrpt.obj
 0001:00018e20       __CrtDbgReportV            00419e20 f i LIBCMTD:dbgrpt.obj
 0001:00018e50       __CrtSetReportHook2        00419e50 f   LIBCMTD:dbgrpt.obj
 0001:000191a0       ___crtMessageWindowA       0041a1a0 f   LIBCMTD:dbgrpt.obj
 0001:00019650       __heapchk                  0041a650 f   LIBCMTD:heapchk.obj
 0001:00019680       __heapset                  0041a680 f   LIBCMTD:heapchk.obj
 0001:00019690       __scprintf                 0041a690 f   LIBCMTD:sprintf.obj
 0001:000196b0       __scprintf_l               0041a6b0 f   LIBCMTD:sprintf.obj
 0001:000196e0       __scprintf_p               0041a6e0 f   LIBCMTD:sprintf.obj
 0001:00019700       __scprintf_p_l             0041a700 f   LIBCMTD:sprintf.obj
 0001:00019730       __snprintf_s               0041a730 f   LIBCMTD:sprintf.obj
 0001:00019760       __snprintf_s_l             0041a760 f   LIBCMTD:sprintf.obj
 0001:00019790       __sprintf_l                0041a790 f   LIBCMTD:sprintf.obj
 0001:000197c0       __sprintf_p                0041a7c0 f   LIBCMTD:sprintf.obj
 0001:000197f0       __sprintf_p_l              0041a7f0 f   LIBCMTD:sprintf.obj
 0001:00019820       __sprintf_s_l              0041a820 f   LIBCMTD:sprintf.obj
 0001:00019850       _sprintf                   0041a850 f   LIBCMTD:sprintf.obj
 0001:00019a10       _sprintf_s                 0041aa10 f   LIBCMTD:sprintf.obj
 0001:00019a40       __heap_alloc_base          0041aa40 f i LIBCMTD:malloc.obj
 0001:00019aa0       __malloc_base              0041aaa0 f   LIBCMTD:malloc.obj
 0001:00019b30       __CrtDefaultAllocHook      0041ab30 f   LIBCMTD:dbghook.obj
 0001:00019b40       __crt_debugger_hook        0041ab40 f   LIBCMTD:dbghook.obj
 0001:00019b50       __FindPESection            0041ab50 f   LIBCMTD:pesect.obj
 0001:00019bd0       __IsNonwritableInCurrentImage 0041abd0 f   LIBCMTD:pesect.obj
 0001:00019d00       __ValidateImageBase        0041ad00 f   LIBCMTD:pesect.obj
 0001:00019d60       __local_unwind4            0041ad60 f   LIBCMTD:exsup4.obj
 0001:00019e36       __seh_longjmp_unwind4@4    0041ae36 f   LIBCMTD:exsup4.obj
 0001:00019e52       @_EH4_CallFilterFunc@8     0041ae52 f   LIBCMTD:exsup4.obj
 0001:00019e69       @_EH4_TransferToHandler@8  0041ae69 f   LIBCMTD:exsup4.obj
 0001:00019e82       @_EH4_GlobalUnwind2@8      0041ae82 f   LIBCMTD:exsup4.obj
 0001:00019e9b       @_EH4_LocalUnwind@16       0041ae9b f   LIBCMTD:exsup4.obj
 0001:00019ec0       ___free_lconv_mon          0041aec0 f   LIBCMTD:initmon.obj
 0001:0001a070       ___init_monetary           0041b070 f   LIBCMTD:initmon.obj
 0001:0001a680       ___free_lconv_num          0041b680 f   LIBCMTD:initnum.obj
 0001:0001a730       ___init_numeric            0041b730 f   LIBCMTD:initnum.obj
 0001:0001ab00       ___free_lc_time            0041bb00 f   LIBCMTD:inittime.obj
 0001:0001b430       ___init_time               0041c430 f   LIBCMTD:inittime.obj
 0001:0001c430       _localeconv                0041d430 f   LIBCMTD:lconv.obj
 0001:0001c7b0       ___crtLCMapStringA         0041d7b0 f   LIBCMTD:a_map.obj
 0001:0001c950       ___crtGetStringTypeA       0041d950 f   LIBCMTD:a_str.obj
 0001:0001c9a0       ___pctype_func             0041d9a0 f   LIBCMTD:ctype.obj
 0001:0001c9f0       ___pwctype_func            0041d9f0 f   LIBCMTD:ctype.obj
 0001:0001ca00       ___onexitinit              0041da00 f   LIBCMTD:onexit.obj
 0001:0001ca60       __onexit                   0041da60 f   LIBCMTD:onexit.obj
 0001:0001cc20       _atexit                    0041dc20 f   LIBCMTD:onexit.obj
 0001:0001cc50       __initp_misc_rand_s        0041dc50 f   LIBCMTD:rand_s.obj
 0001:0001cc60       _rand_s                    0041dc60 f   LIBCMTD:rand_s.obj
 0001:0001cec0       __ftbuf                    0041dec0 f   LIBCMTD:_sftbuf.obj
 0001:0001cf50       __stbuf                    0041df50 f   LIBCMTD:_sftbuf.obj
 0001:0001d0c0       __flsbuf                   0041e0c0 f   LIBCMTD:_flsbuf.obj
 0001:0001d390       ___vswprintf_l             0041e390 f   LIBCMTD:vswprint.obj
 0001:0001d3b0       __vscwprintf               0041e3b0 f   LIBCMTD:vswprint.obj
 0001:0001d3d0       __vscwprintf_helper        0041e3d0 f   LIBCMTD:vswprint.obj
 0001:0001d4c0       __vscwprintf_l             0041e4c0 f   LIBCMTD:vswprint.obj
 0001:0001d4e0       __vscwprintf_p             0041e4e0 f   LIBCMTD:vswprint.obj
 0001:0001d500       __vscwprintf_p_l           0041e500 f   LIBCMTD:vswprint.obj
 0001:0001d520       __vswprintf                0041e520 f   LIBCMTD:vswprint.obj
 0001:0001d540       __vswprintf_l              0041e540 f   LIBCMTD:vswprint.obj
 0001:0001d760       __vsnwprintf_s             0041e760 f   LIBCMTD:vswprnc.obj
 0001:0001d790       __vsnwprintf_s_l           0041e790 f   LIBCMTD:vswprnc.obj
 0001:0001db60       __vswprintf_c              0041eb60 f   LIBCMTD:vswprnc.obj
 0001:0001dbb0       __vswprintf_c_l            0041ebb0 f   LIBCMTD:vswprnc.obj
 0001:0001dc00       __vswprintf_helper         0041ec00 f   LIBCMTD:vswprnc.obj
 0001:0001de70       __vswprintf_p              0041ee70 f   LIBCMTD:vswprnc.obj
 0001:0001dec0       __vswprintf_p_l            0041eec0 f   LIBCMTD:vswprnc.obj
 0001:0001df10       __vswprintf_s_l            0041ef10 f   LIBCMTD:vswprnc.obj
 0001:0001e1a0       _vswprintf_s               0041f1a0 f   LIBCMTD:vswprnc.obj
 0001:0001e1c0       __woutput_l                0041f1c0 f   LIBCMTD:woutput.obj
 0001:0001f650       _get_int64_arg             00420650 f i LIBCMTD:woutput.obj
 0001:0001f670       _get_int_arg               00420670 f i LIBCMTD:woutput.obj
 0001:0001f7f0       _strcat_s                  004207f0 f   LIBCMTD:strcat_s.obj
 0001:00020020       __i64toa_s                 00421020 f   LIBCMTD:xtoas.obj
 0001:00020070       __itoa_s                   00421070 f   LIBCMTD:xtoas.obj
 0001:000200d0       __ltoa_s                   004210d0 f   LIBCMTD:xtoas.obj
 0001:00020110       __ui64toa_s                00421110 f   LIBCMTD:xtoas.obj
 0001:00020130       __ultoa_s                  00421130 f   LIBCMTD:xtoas.obj
 0001:00020530       __mbstowcs_l               00421530 f   LIBCMTD:mbstowcs.obj
 0001:00020550       __mbstowcs_l_helper        00421550 f   LIBCMTD:mbstowcs.obj
 0001:000208e0       __mbstowcs_s_l             004218e0 f   LIBCMTD:mbstowcs.obj
 0001:00020ca0       _mbstowcs                  00421ca0 f   LIBCMTD:mbstowcs.obj
 0001:00020cf0       _mbstowcs_s                00421cf0 f   LIBCMTD:mbstowcs.obj
 0001:00020d80       __wcstombs_l               00421d80 f   LIBCMTD:wcstombs.obj
 0001:00020db0       __wcstombs_l_helper        00421db0 f   LIBCMTD:wcstombs.obj
 0001:000212c0       __wcstombs_s_l             004222c0 f   LIBCMTD:wcstombs.obj
 0001:00021620       _wcstombs                  00422620 f   LIBCMTD:wcstombs.obj
 0001:00021640       _wcstombs_s                00422640 f   LIBCMTD:wcstombs.obj
 0001:00021ab0       __i64tow_s                 00422ab0 f   LIBCMTD:xtows.obj
 0001:00021b00       __itow_s                   00422b00 f   LIBCMTD:xtows.obj
 0001:00021b60       __ltow_s                   00422b60 f   LIBCMTD:xtows.obj
 0001:00021ba0       __ui64tow_s                00422ba0 f   LIBCMTD:xtows.obj
 0001:00021bc0       __ultow_s                  00422bc0 f   LIBCMTD:xtows.obj
 0001:00021fe0       __vsnprintf_c              00422fe0 f   LIBCMTD:vsnprnc.obj
 0001:00022030       __vsnprintf_c_l            00423030 f   LIBCMTD:vsnprnc.obj
 0001:00022080       __vsnprintf_helper         00423080 f   LIBCMTD:vsnprnc.obj
 0001:00022280       __vsnprintf_s              00423280 f   LIBCMTD:vsnprnc.obj
 0001:000222b0       __vsnprintf_s_l            004232b0 f   LIBCMTD:vsnprnc.obj
 0001:00022670       __vsprintf_p               00423670 f   LIBCMTD:vsnprnc.obj
 0001:000226c0       __vsprintf_p_l             004236c0 f   LIBCMTD:vsnprnc.obj
 0001:00022710       __vsprintf_s_l             00423710 f   LIBCMTD:vsnprnc.obj
 0001:000229a0       _vsprintf_s                004239a0 f   LIBCMTD:vsnprnc.obj
 0001:00022e00       ?_RTC_GetSrcLine@@YAHPAEPA_WKPAH1K@Z 00423e00 f   LIBCMTD:pdblkup.obj
 0001:000230b0       __global_unwind2           004240b0 f   LIBCMTD:exsup.obj
 0001:00023115       __local_unwind2            00424115 f   LIBCMTD:exsup.obj
 0001:00023199       __abnormal_termination     00424199 f   LIBCMTD:exsup.obj
 0001:000231bc       __NLG_Notify1              004241bc f   LIBCMTD:exsup.obj
 0001:000231c5       __NLG_Notify               004241c5 f   LIBCMTD:exsup.obj
 0001:000231dc       __NLG_Dispatch2            004241dc     LIBCMTD:exsup.obj
 0001:000231dc       __NLG_Dispatch             004241dc     LIBCMTD:exsup.obj
 0001:000231e4       __NLG_Call                 004241e4 f   LIBCMTD:exsup.obj
 0001:000231e6       __NLG_Return2              004241e6     LIBCMTD:exsup.obj
 0001:000231f0       _memmove                   004241f0 f   LIBCMTD:memmove.obj
 0001:00023840       ?_ValidateExecute@@YAHP6GHXZ@Z 00424840 f   LIBCMTD:validate.obj
 0001:00023860       ?_ValidateRead@@YAHPBXI@Z  00424860 f   LIBCMTD:validate.obj
 0001:00023880       ?_ValidateWrite@@YAHPAXI@Z 00424880 f   LIBCMTD:validate.obj
 0001:000238a0       ??0Block@_HeapManager@@QAE@XZ 004248a0 f i LIBCMTD:undname.obj
 0001:000238c0       ??0DName@@QAE@AAPBDD@Z     004248c0 f   LIBCMTD:undname.obj
 0001:00023b80       ??0DName@@QAE@ABV0@@Z      00424b80 f i LIBCMTD:undname.obj
 0001:00023ba0       ??0DName@@QAE@D@Z          00424ba0 f   LIBCMTD:undname.obj
 0001:00023c80       ??0DName@@QAE@PAV0@@Z      00424c80 f   LIBCMTD:undname.obj
 0001:00023dc0       ??0DName@@QAE@PBD@Z        00424dc0 f   LIBCMTD:undname.obj
 0001:00023eb0       ??0DName@@QAE@W4DNameStatus@@@Z 00424eb0 f   LIBCMTD:undname.obj
 0001:00023fd0       ??0DName@@QAE@XZ           00424fd0 f i LIBCMTD:undname.obj
 0001:00024090       ??0DName@@QAE@_J@Z         00425090 f   LIBCMTD:undname.obj
 0001:00024210       ??0DName@@QAE@_K@Z         00425210 f   LIBCMTD:undname.obj
 0001:00024350       ??0DNameNode@@IAE@XZ       00425350 f   LIBCMTD:undname.obj
 0001:00024370       ??0DNameStatusNode@@AAE@W4DNameStatus@@@Z 00425370 f   LIBCMTD:undname.obj
 0001:000243c0       ??0Replicator@@QAE@XZ      004253c0 f i LIBCMTD:undname.obj
 0001:000243e0       ??0UnDecorator@@QAE@PADPBDHP6APADJ@ZK@Z 004253e0 f i LIBCMTD:undname.obj
 0001:00024480       ??0charNode@@QAE@D@Z       00425480 f   LIBCMTD:undname.obj
 0001:000244b0       ??0pDNameNode@@QAE@PAVDName@@@Z 004254b0 f   LIBCMTD:undname.obj
 0001:00024510       ??0pairNode@@QAE@PAVDNameNode@@0@Z 00425510 f   LIBCMTD:undname.obj
 0001:00024550       ??0pcharNode@@QAE@PBDH@Z   00425550 f   LIBCMTD:undname.obj
 0001:000245f0       ??2@YAPAXIAAV_HeapManager@@H@Z 004255f0 f i LIBCMTD:undname.obj
 0001:00024610       ??4DName@@QAEAAV0@ABV0@@Z  00425610 f   LIBCMTD:undname.obj
 0001:00024630       ??4DName@@QAEAAV0@D@Z      00425630 f i LIBCMTD:undname.obj
 0001:00024710       ??4DName@@QAEAAV0@PAV0@@Z  00425710 f   LIBCMTD:undname.obj
 0001:00024840       ??4DName@@QAEAAV0@PBD@Z    00425840 f   LIBCMTD:undname.obj
 0001:00024920       ??4DName@@QAEAAV0@W4DNameStatus@@@Z 00425920 f   LIBCMTD:undname.obj
 0001:00024a20       ??AReplicator@@QBE?AVDName@@H@Z 00425a20 f   LIBCMTD:undname.obj
 0001:00024a90       ??BUnDecorator@@QAEPADXZ   00425a90 f i LIBCMTD:undname.obj
 0001:00024d40       ??H@YA?AVDName@@DABV0@@Z   00425d40 f i LIBCMTD:undname.obj
 0001:00024d70       ??H@YA?AVDName@@PBDABV0@@Z 00425d70 f i LIBCMTD:undname.obj
 0001:00024da0       ??H@YA?AVDName@@W4DNameStatus@@ABV0@@Z 00425da0 f i LIBCMTD:undname.obj
 0001:00024dd0       ??HDName@@QBE?AV0@ABV0@@Z  00425dd0 f   LIBCMTD:undname.obj
 0001:00024e10       ??HDName@@QBE?AV0@D@Z      00425e10 f   LIBCMTD:undname.obj
 0001:00024e50       ??HDName@@QBE?AV0@PAV0@@Z  00425e50 f   LIBCMTD:undname.obj
 0001:00024e90       ??HDName@@QBE?AV0@PBD@Z    00425e90 f   LIBCMTD:undname.obj
 0001:00024ed0       ??HDName@@QBE?AV0@W4DNameStatus@@@Z 00425ed0 f   LIBCMTD:undname.obj
 0001:00024f10       ??YDName@@QAEAAV0@ABV0@@Z  00425f10 f   LIBCMTD:undname.obj
 0001:00024f80       ??YDName@@QAEAAV0@D@Z      00425f80 f   LIBCMTD:undname.obj
 0001:00025000       ??YDName@@QAEAAV0@PAV0@@Z  00426000 f   LIBCMTD:undname.obj
 0001:000250b0       ??YDName@@QAEAAV0@PBD@Z    004260b0 f   LIBCMTD:undname.obj
 0001:00025150       ??YDName@@QAEAAV0@W4DNameStatus@@@Z 00426150 f   LIBCMTD:undname.obj
 0001:000251b0       ??YReplicator@@QAEAAV0@ABVDName@@@Z 004261b0 f   LIBCMTD:undname.obj
 0001:00025240       ??_5DName@@QAEAAV0@ABV0@@Z 00426240 f   LIBCMTD:undname.obj
 0001:000252a0       ?Constructor@_HeapManager@@QAEXP6APAXI@ZP6AXPAX@Z@Z 004262a0 f i LIBCMTD:undname.obj
 0001:000252e0       ?Destructor@_HeapManager@@QAEXXZ 004262e0 f i LIBCMTD:undname.obj
 0001:00025330       ?UScore@UnDecorator@@SAPBDW4Tokens@@@Z 00426330 f   LIBCMTD:undname.obj
 0001:00025360       ?append@DName@@AAEXPAVDNameNode@@@Z 00426360 f   LIBCMTD:undname.obj
 0001:000253f0       ?composeDeclaration@UnDecorator@@CA?AVDName@@ABV2@@Z 004263f0 f i LIBCMTD:undname.obj
 0001:00027070       ?dbGetString@DName@@QBEPADXZ 00428070 f   LIBCMTD:undname.obj
 0001:00027090       ?doAccessSpecifiers@UnDecorator@@SAHXZ 00428090 f i LIBCMTD:undname.obj
 0001:000270c0       ?doAllocationLanguage@UnDecorator@@SAHXZ 004280c0 f i LIBCMTD:undname.obj
 0001:000270f0       ?doAllocationModel@UnDecorator@@SAHXZ 004280f0 f i LIBCMTD:undname.obj
 0001:00027120       ?doEcsu@UnDecorator@@SAHXZ 00428120 f i LIBCMTD:undname.obj
 0001:00027150       ?doEllipsis@UnDecorator@@SAHXZ 00428150 f i LIBCMTD:undname.obj
 0001:00027180       ?doFunctionReturns@UnDecorator@@SAHXZ 00428180 f i LIBCMTD:undname.obj
 0001:000271b0       ?doMSKeywords@UnDecorator@@SAHXZ 004281b0 f i LIBCMTD:undname.obj
 0001:000271e0       ?doMemberTypes@UnDecorator@@SAHXZ 004281e0 f i LIBCMTD:undname.obj
 0001:00027210       ?doNameOnly@UnDecorator@@SAHXZ 00428210 f i LIBCMTD:undname.obj
 0001:00027220       ?doNoIdentCharCheck@UnDecorator@@SAHXZ 00428220 f i LIBCMTD:undname.obj
 0001:00027230       ?doPchar@DName@@AAEXPBDH@Z 00428230 f   LIBCMTD:undname.obj
 0001:00027370       ?doPtr64@UnDecorator@@SAHXZ 00428370 f i LIBCMTD:undname.obj
 0001:000273a0       ?doRestrictionSpec@UnDecorator@@SAHXZ 004283a0 f i LIBCMTD:undname.obj
 0001:000273d0       ?doThisTypes@UnDecorator@@SAHXZ 004283d0 f i LIBCMTD:undname.obj
 0001:00027400       ?doThrowTypes@UnDecorator@@SAHXZ 00428400 f i LIBCMTD:undname.obj
 0001:00027430       ?doTypeOnly@UnDecorator@@SAHXZ 00428430 f i LIBCMTD:undname.obj
 0001:00027440       ?doUnderScore@UnDecorator@@SAHXZ 00428440 f i LIBCMTD:undname.obj
 0001:00027470       ?getArgumentList@UnDecorator@@CA?AVDName@@XZ 00428470 f   LIBCMTD:undname.obj
 0001:000275c0       ?getArgumentTypes@UnDecorator@@CA?AVDName@@XZ 004285c0 f   LIBCMTD:undname.obj
 0001:00027720       ?getArrayType@UnDecorator@@CA?AVDName@@ABV2@@Z 00428720 f i LIBCMTD:undname.obj
 0001:00027960       ?getBasedType@UnDecorator@@CA?AVDName@@XZ 00428960 f   LIBCMTD:undname.obj
 0001:00027a20       ?getBasicDataType@UnDecorator@@CA?AVDName@@ABV2@@Z 00428a20 f   LIBCMTD:undname.obj
 0001:00027fe0       ?getCallIndex@UnDecorator@@CA?AVDName@@XZ 00428fe0 f i LIBCMTD:undname.obj
 0001:00028000       ?getCallingConvention@UnDecorator@@CA?AVDName@@XZ 00429000 f   LIBCMTD:undname.obj
 0001:00028190       ?getDataIndirectType@UnDecorator@@CA?AVDName@@ABV2@PBD0H@Z 00429190 f   LIBCMTD:undname.obj
 0001:000288b0       ?getDataIndirectType@UnDecorator@@CA?AVDName@@XZ 004298b0 f i LIBCMTD:undname.obj
 0001:000288f0       ?getDataType@UnDecorator@@CA?AVDName@@PAV2@@Z 004298f0 f   LIBCMTD:undname.obj
 0001:00028a10       ?getDecoratedName@UnDecorator@@CA?AVDName@@XZ 00429a10 f   LIBCMTD:undname.obj
 0001:00028d30       ?getDimension@UnDecorator@@CA?AVDName@@_N@Z 00429d30 f   LIBCMTD:undname.obj
 0001:00028fe0       ?getDispatchTarget@UnDecorator@@CA?AVDName@@XZ 00429fe0 f   LIBCMTD:undname.obj
 0001:00029080       ?getDisplacement@UnDecorator@@CA?AVDName@@XZ 0042a080 f i LIBCMTD:undname.obj
 0001:000290a0       ?getECSUDataType@UnDecorator@@CA?AVDName@@XZ 0042a0a0 f   LIBCMTD:undname.obj
 0001:00029270       ?getECSUName@UnDecorator@@CA?AVDName@@XZ 0042a270 f i LIBCMTD:undname.obj
 0001:00029290       ?getEnumType@UnDecorator@@CA?AVDName@@XZ 0042a290 f i LIBCMTD:undname.obj
 0001:000293e0       ?getExtendedDataIndirectType@UnDecorator@@CA?AVDName@@AAPBDAA_NH@Z 0042a3e0 f   LIBCMTD:undname.obj
 0001:00029630       ?getExternalDataType@UnDecorator@@CA?AVDName@@ABV2@@Z 0042a630 f i LIBCMTD:undname.obj
 0001:000296c0       ?getFunctionIndirectType@UnDecorator@@CA?AVDName@@ABV2@@Z 0042a6c0 f   LIBCMTD:undname.obj
 0001:00029b30       ?getGuardNumber@UnDecorator@@CA?AVDName@@XZ 0042ab30 f i LIBCMTD:undname.obj
 0001:00029b50       ?getLastChar@DName@@QBEDXZ 0042ab50 f i LIBCMTD:undname.obj
 0001:00029b80       ?getLastChar@DNameStatusNode@@UBEDXZ 0042ab80 f i LIBCMTD:undname.obj
 0001:00029bb0       ?getLastChar@charNode@@UBEDXZ 0042abb0 f i LIBCMTD:undname.obj
 0001:00029bd0       ?getLastChar@pDNameNode@@UBEDXZ 0042abd0 f i LIBCMTD:undname.obj
 0001:00029c00       ?getLastChar@pairNode@@UBEDXZ 0042ac00 f i LIBCMTD:undname.obj
 0001:00029c50       ?getLastChar@pcharNode@@UBEDXZ 0042ac50 f i LIBCMTD:undname.obj
 0001:00029c90       ?getLexicalFrame@UnDecorator@@CA?AVDName@@XZ 0042ac90 f i LIBCMTD:undname.obj
 0001:00029cd0       ?getMemory@_HeapManager@@QAEPAXIH@Z 0042acd0 f   LIBCMTD:undname.obj
 0001:00029de0       ?getNumberOfDimensions@UnDecorator@@CAHXZ 0042ade0 f   LIBCMTD:undname.obj
 0001:00029ef0       ?getOperatorName@UnDecorator@@CA?AVDName@@_NPA_N@Z 0042aef0 f i LIBCMTD:undname.obj
 0001:0002a880       ?getPointerType@UnDecorator@@CA?AVDName@@ABV2@0@Z 0042b880 f i LIBCMTD:undname.obj
 0001:0002a8b0       ?getPointerTypeArray@UnDecorator@@CA?AVDName@@ABV2@0@Z 0042b8b0 f i LIBCMTD:undname.obj
 0001:0002a8e0       ?getPrimaryDataType@UnDecorator@@CA?AVDName@@ABV2@@Z 0042b8e0 f   LIBCMTD:undname.obj
 0001:0002ac80       ?getPtrRefDataType@UnDecorator@@CA?AVDName@@ABV2@H@Z 0042bc80 f i LIBCMTD:undname.obj
 0001:0002adc0       ?getPtrRefType@UnDecorator@@CA?AVDName@@ABV2@0PBD@Z 0042bdc0 f   LIBCMTD:undname.obj
 0001:0002af30       ?getReferenceType@UnDecorator@@CA?AVDName@@ABV2@0PBD@Z 0042bf30 f i LIBCMTD:undname.obj
 0001:0002af50       ?getRestrictionSpec@UnDecorator@@CA?AVDName@@XZ 0042bf50 f   LIBCMTD:undname.obj
 0001:0002b0a0       ?getReturnType@UnDecorator@@CA?AVDName@@PAV2@@Z 0042c0a0 f   LIBCMTD:undname.obj
 0001:0002b0f0       ?getScope@UnDecorator@@CA?AVDName@@XZ 0042c0f0 f   LIBCMTD:undname.obj
 0001:0002b5e0       ?getScopedName@UnDecorator@@CA?AVDName@@XZ 0042c5e0 f   LIBCMTD:undname.obj
 0001:0002b700       ?getSignedDimension@UnDecorator@@CA?AVDName@@XZ 0042c700 f   LIBCMTD:undname.obj
 0001:0002b780       ?getStorageConvention@UnDecorator@@CA?AVDName@@XZ 0042c780 f i LIBCMTD:undname.obj
 0001:0002b7a0       ?getString@DName@@QBEPADPAD0@Z 0042c7a0 f i LIBCMTD:undname.obj
 0001:0002b7e0       ?getString@DName@@QBEPADPADH@Z 0042c7e0 f i LIBCMTD:undname.obj
 0001:0002b870       ?getString@DNameStatusNode@@UBEPADPAD0@Z 0042c870 f i LIBCMTD:undname.obj
 0001:0002b8b0       ?getString@charNode@@UBEPADPAD0@Z 0042c8b0 f i LIBCMTD:undname.obj
 0001:0002b8e0       ?getString@pDNameNode@@UBEPADPAD0@Z 0042c8e0 f i LIBCMTD:undname.obj
 0001:0002b920       ?getString@pairNode@@UBEPADPAD0@Z 0042c920 f i LIBCMTD:undname.obj
 0001:0002b980       ?getString@pcharNode@@UBEPADPAD0@Z 0042c980 f i LIBCMTD:undname.obj
 0001:0002b9b0       ?getStringEncoding@UnDecorator@@CA?AVDName@@PADH@Z 0042c9b0 f   LIBCMTD:undname.obj
 0001:0002bac0       ?getStringHelper@@YAPADPAD00H@Z 0042cac0 f i LIBCMTD:undname.obj
 0001:0002bb00       ?getSymbolName@UnDecorator@@CA?AVDName@@XZ 0042cb00 f i LIBCMTD:undname.obj
 0001:0002bb90       ?getTemplateArgumentList@UnDecorator@@CA?AVDName@@XZ 0042cb90 f   LIBCMTD:undname.obj
 0001:0002beb0       ?getTemplateConstant@UnDecorator@@CA?AVDName@@XZ 0042ceb0 f   LIBCMTD:undname.obj
 0001:0002c3a0       ?getTemplateName@UnDecorator@@CA?AVDName@@_N@Z 0042d3a0 f   LIBCMTD:undname.obj
 0001:0002c570       ?getThisType@UnDecorator@@CA?AVDName@@XZ 0042d570 f i LIBCMTD:undname.obj
 0001:0002c5b0       ?getThrowTypes@UnDecorator@@CA?AVDName@@XZ 0042d5b0 f   LIBCMTD:undname.obj
 0001:0002c660       ?getTypeEncoding@UnDecorator@@CAHXZ 0042d660 f i LIBCMTD:undname.obj
 0001:0002d0a0       ?getVCallThunkType@UnDecorator@@CA?AVDName@@XZ 0042e0a0 f i LIBCMTD:undname.obj
 0001:0002d100       ?getVbTableType@UnDecorator@@CA?AVDName@@ABV2@@Z 0042e100 f i LIBCMTD:undname.obj
 0001:0002d120       ?getVdispMapType@UnDecorator@@CA?AVDName@@ABV2@@Z 0042e120 f i LIBCMTD:undname.obj
 0001:0002d190       ?getVfTableType@UnDecorator@@CA?AVDName@@ABV2@@Z 0042e190 f i LIBCMTD:undname.obj
 0001:0002d350       ?getZName@UnDecorator@@CA?AVDName@@_N0@Z 0042e350 f   LIBCMTD:undname.obj
 0001:0002d600       ?haveTemplateParameters@UnDecorator@@SAHXZ 0042e600 f i LIBCMTD:undname.obj
 0001:0002d610       ?isArray@DName@@QBEHXZ     0042e610 f i LIBCMTD:undname.obj
 0001:0002d630       ?isComArray@DName@@QBEHXZ  0042e630 f i LIBCMTD:undname.obj
 0001:0002d650       ?isEmpty@DName@@QBEHXZ     0042e650 f i LIBCMTD:undname.obj
 0001:0002d680       ?isFull@Replicator@@QBEHXZ 0042e680 f i LIBCMTD:undname.obj
 0001:0002d6b0       ?isNoTE@DName@@QBEHXZ      0042e6b0 f i LIBCMTD:undname.obj
 0001:0002d6d0       ?isPinPtr@DName@@QBEHXZ    0042e6d0 f i LIBCMTD:undname.obj
 0001:0002d6f0       ?isPtrRef@DName@@QBEHXZ    0042e6f0 f i LIBCMTD:undname.obj
 0001:0002d710       ?isUDC@DName@@QBEHXZ       0042e710 f i LIBCMTD:undname.obj
 0001:0002d750       ?isUDTThunk@DName@@QBEHXZ  0042e750 f i LIBCMTD:undname.obj
 0001:0002d790       ?isVCallThunk@DName@@QBEHXZ 0042e790 f i LIBCMTD:undname.obj
 0001:0002d7b0       ?isValid@DName@@QBEHXZ     0042e7b0 f i LIBCMTD:undname.obj
 0001:0002d7f0       ?length@DName@@QBEHXZ      0042e7f0 f i LIBCMTD:undname.obj
 0001:0002d820       ?length@DNameStatusNode@@UBEHXZ 0042e820 f i LIBCMTD:undname.obj
 0001:0002d840       ?length@charNode@@UBEHXZ   0042e840 f i LIBCMTD:undname.obj
 0001:0002d850       ?length@pDNameNode@@UBEHXZ 0042e850 f i LIBCMTD:undname.obj
 0001:0002d880       ?length@pairNode@@UBEHXZ   0042e880 f i LIBCMTD:undname.obj
 0001:0002d8d0       ?length@pcharNode@@UBEHXZ  0042e8d0 f i LIBCMTD:undname.obj
 0001:0002d8f0       ?make@DNameStatusNode@@SAPAV1@W4DNameStatus@@@Z 0042e8f0 f i LIBCMTD:undname.obj
 0001:0002d9a0       ?setIsArray@DName@@QAEXXZ  0042e9a0 f i LIBCMTD:undname.obj
 0001:0002d9c0       ?setIsComArray@DName@@QAEXXZ 0042e9c0 f i LIBCMTD:undname.obj
 0001:0002d9e0       ?setIsNoTE@DName@@QAEXXZ   0042e9e0 f i LIBCMTD:undname.obj
 0001:0002da00       ?setIsPinPtr@DName@@QAEXXZ 0042ea00 f i LIBCMTD:undname.obj
 0001:0002da20       ?setIsUDC@DName@@QAEXXZ    0042ea20 f i LIBCMTD:undname.obj
 0001:0002da50       ?setIsVCallThunk@DName@@QAEXXZ 0042ea50 f i LIBCMTD:undname.obj
 0001:0002da70       ?setPtrRef@DName@@QAEAAV1@XZ 0042ea70 f i LIBCMTD:undname.obj
 0001:0002da90       ?status@DName@@QBE?AW4DNameStatus@@XZ 0042ea90 f i LIBCMTD:undname.obj
 0001:0002db90       ___unDName                 0042eb90 f   LIBCMTD:undname.obj
 0001:0002dc70       ___unDNameEx               0042ec70 f   LIBCMTD:undname.obj
 0001:0002dd50       ___isascii                 0042ed50 f i LIBCMTD:_ctype.obj
 0001:0002dd80       ___iscsym                  0042ed80 f i LIBCMTD:_ctype.obj
 0001:0002ddc0       ___iscsymf                 0042edc0 f i LIBCMTD:_ctype.obj
 0001:0002de00       ___toascii                 0042ee00 f i LIBCMTD:_ctype.obj
 0001:0002de10       __isalnum_l                0042ee10 f i LIBCMTD:_ctype.obj
 0001:0002de90       __isalpha_l                0042ee90 f i LIBCMTD:_ctype.obj
 0001:0002df10       __isblank_l                0042ef10 f i LIBCMTD:_ctype.obj
 0001:0002dfa0       __iscntrl_l                0042efa0 f i LIBCMTD:_ctype.obj
 0001:0002e020       __iscsym_l                 0042f020 f i LIBCMTD:_ctype.obj
 0001:0002e060       __iscsymf_l                0042f060 f i LIBCMTD:_ctype.obj
 0001:0002e0a0       __isdigit_l                0042f0a0 f i LIBCMTD:_ctype.obj
 0001:0002e120       __isgraph_l                0042f120 f i LIBCMTD:_ctype.obj
 0001:0002e1a0       __islower_l                0042f1a0 f i LIBCMTD:_ctype.obj
 0001:0002e220       __isprint_l                0042f220 f i LIBCMTD:_ctype.obj
 0001:0002e2a0       __ispunct_l                0042f2a0 f i LIBCMTD:_ctype.obj
 0001:0002e320       __isspace_l                0042f320 f i LIBCMTD:_ctype.obj
 0001:0002e3a0       __isupper_l                0042f3a0 f i LIBCMTD:_ctype.obj
 0001:0002e420       __isxdigit_l               0042f420 f i LIBCMTD:_ctype.obj
 0001:0002e4a0       _isalnum                   0042f4a0 f i LIBCMTD:_ctype.obj
 0001:0002e4e0       _isalpha                   0042f4e0 f i LIBCMTD:_ctype.obj
 0001:0002e520       _isblank                   0042f520 f i LIBCMTD:_ctype.obj
 0001:0002e570       _iscntrl                   0042f570 f i LIBCMTD:_ctype.obj
 0001:0002e5a0       _isdigit                   0042f5a0 f i LIBCMTD:_ctype.obj
 0001:0002e5d0       _isgraph                   0042f5d0 f i LIBCMTD:_ctype.obj
 0001:0002e610       _islower                   0042f610 f i LIBCMTD:_ctype.obj
 0001:0002e640       _isprint                   0042f640 f i LIBCMTD:_ctype.obj
 0001:0002e680       _ispunct                   0042f680 f i LIBCMTD:_ctype.obj
 0001:0002e6b0       _isspace                   0042f6b0 f i LIBCMTD:_ctype.obj
 0001:0002e6e0       _isupper                   0042f6e0 f i LIBCMTD:_ctype.obj
 0001:0002e710       _isxdigit                  0042f710 f i LIBCMTD:_ctype.obj
 0001:0002e750       __tolower                  0042f750 f   LIBCMTD:tolower.obj
 0001:0002e760       __tolower_l                0042f760 f   LIBCMTD:tolower.obj
 0001:0002e9a0       _tolower                   0042f9a0 f   LIBCMTD:tolower.obj
 0001:0002e9f0       _strrchr                   0042f9f0 f   LIBCMTD:strrchr.obj
 0001:0002eb30       __fptostr                  0042fb30 f   LIBCMTD:_fptostr.obj
 0001:0002ee50       ___crt_atoflt_l            0042fe50 f   LIBCMTD:atodbl.obj
 0001:0002ef60       __atodbl                   0042ff60 f   LIBCMTD:atodbl.obj
 0001:0002ef80       __atodbl_l                 0042ff80 f   LIBCMTD:atodbl.obj
 0001:0002f080       __atoflt                   00430080 f   LIBCMTD:atodbl.obj
 0001:0002f0a0       __atoflt_l                 004300a0 f   LIBCMTD:atodbl.obj
 0001:0002f0c0       __atoldbl                  004300c0 f   LIBCMTD:atodbl.obj
 0001:0002f0e0       __atoldbl_l                004300e0 f   LIBCMTD:atodbl.obj
 0001:0002f1e0       ___dtold                   004301e0 f   LIBCMTD:cfout.obj
 0001:0002f340       __fltout2                  00430340 f   LIBCMTD:cfout.obj
 0001:0002f3f0       __alldiv                   004303f0 f   LIBCMTD:lldiv.obj
 0001:0002f4a0       __allrem                   004304a0 f   LIBCMTD:llrem.obj
 0001:0002f560       __allshl                   00430560 f   LIBCMTD:llshl.obj
 0001:0002f580       __aullshr                  00430580 f   LIBCMTD:ullshr.obj
 0001:0002f5a0       __get_output_format        004305a0 f   LIBCMTD:outputformat.obj
 0001:0002f5b0       __set_output_format        004305b0 f   LIBCMTD:outputformat.obj
 0001:0002f650       __controlfp_s              00430650 f   LIBCMTD:contrlfp.obj
 0001:0002f740       __fptrap                   00430740 f   LIBCMTD:crt0fp.obj
 0001:0002f750       __trandisp1                00430750 f   LIBCMTD:87disp.obj
 0001:0002f7b7       __trandisp2                004307b7 f   LIBCMTD:87disp.obj
 0001:0002f843       __rttospopde               00430843     LIBCMTD:87disp.obj
 0001:0002f848       __rttospop                 00430848     LIBCMTD:87disp.obj
 0001:0002f84a       __rtnospop                 0043084a     LIBCMTD:87disp.obj
 0001:0002f84c       __rttosnpop                0043084c     LIBCMTD:87disp.obj
 0001:0002f84d       __rtnospopde               0043084d     LIBCMTD:87disp.obj
 0001:0002f854       __rtzeropop                00430854     LIBCMTD:87disp.obj
 0001:0002f856       __rtzeronpop               00430856     LIBCMTD:87disp.obj
 0001:0002f85b       __rtonepop                 0043085b     LIBCMTD:87disp.obj
 0001:0002f85d       __rtonenpop                0043085d     LIBCMTD:87disp.obj
 0001:0002f862       __tosnan1                  00430862     LIBCMTD:87disp.obj
 0001:0002f88d       __nosnan2                  0043088d     LIBCMTD:87disp.obj
 0001:0002f88f       __tosnan2                  0043088f     LIBCMTD:87disp.obj
 0001:0002f8b7       __nan2                     004308b7     LIBCMTD:87disp.obj
 0001:0002f8f6       __rtindfpop                004308f6     LIBCMTD:87disp.obj
 0001:0002f8f8       __rtindfnpop               004308f8     LIBCMTD:87disp.obj
 0001:0002f909       __rttosnpopde              00430909     LIBCMTD:87disp.obj
 0001:0002f913       __rtchsifneg               00430913     LIBCMTD:87disp.obj
 0001:0002f920       __startTwoArgErrorHandling 00430920 f   LIBCMTD:genexcep.obj
 0001:0002f937       __startOneArgErrorHandling 00430937 f   LIBCMTD:genexcep.obj
 0001:0002f980       __twoToTOS                 00430980 f   LIBCMTD:common.obj
 0001:0002f995       __load_CW                  00430995 f   LIBCMTD:common.obj
 0001:0002f9ac       __convertTOStoQNaN         004309ac f   LIBCMTD:common.obj
 0001:0002f9c5       __fload_withFB             004309c5 f   LIBCMTD:common.obj
 0001:0002fa08       __checkTOS_withFB          00430a08 f   LIBCMTD:common.obj
 0001:0002fa1e       __fast_exit                00430a1e f   LIBCMTD:common.obj
 0001:0002fa2b       __math_exit                00430a2b f   LIBCMTD:common.obj
 0001:0002fa55       __check_overflow_exit      00430a55 f   LIBCMTD:common.obj
 0001:0002fa69       __check_range_exit         00430a69 f   LIBCMTD:common.obj
 0001:0002fb10       __matherr                  00430b10 f   LIBCMTD:matherr.obj
 0001:0002fb20       ___initstdio               00430b20 f   LIBCMTD:_file.obj
 0001:0002fbf0       ___endstdio                00430bf0 f   LIBCMTD:_file.obj
 0001:0002fc30       ___iob_func                00430c30 f   LIBCMTD:_file.obj
 0001:0002fc40       __lock_file                00430c40 f   LIBCMTD:_file.obj
 0001:0002fca0       __lock_file2               00430ca0 f   LIBCMTD:_file.obj
 0001:0002fce0       __unlock_file              00430ce0 f   LIBCMTD:_file.obj
 0001:0002fd40       __unlock_file2             00430d40 f   LIBCMTD:_file.obj
 0001:0002fe40       __ismbbalnum               00430e40 f   LIBCMTD:ismbbyte.obj
 0001:0002fe60       __ismbbalnum_l             00430e60 f   LIBCMTD:ismbbyte.obj
 0001:0002fe80       __ismbbalpha               00430e80 f   LIBCMTD:ismbbyte.obj
 0001:0002fea0       __ismbbalpha_l             00430ea0 f   LIBCMTD:ismbbyte.obj
 0001:0002fec0       __ismbbblank               00430ec0 f   LIBCMTD:ismbbyte.obj
 0001:0002fef0       __ismbbblank_l             00430ef0 f   LIBCMTD:ismbbyte.obj
 0001:0002ff30       __ismbbgraph               00430f30 f   LIBCMTD:ismbbyte.obj
 0001:0002ff50       __ismbbgraph_l             00430f50 f   LIBCMTD:ismbbyte.obj
 0001:0002ff70       __ismbbkalnum              00430f70 f   LIBCMTD:ismbbyte.obj
 0001:0002ff90       __ismbbkalnum_l            00430f90 f   LIBCMTD:ismbbyte.obj
 0001:0002ffb0       __ismbbkana                00430fb0 f   LIBCMTD:ismbbyte.obj
 0001:0002ffd0       __ismbbkana_l              00430fd0 f   LIBCMTD:ismbbyte.obj
 0001:00030040       __ismbbkprint              00431040 f   LIBCMTD:ismbbyte.obj
 0001:00030060       __ismbbkprint_l            00431060 f   LIBCMTD:ismbbyte.obj
 0001:00030080       __ismbbkpunct              00431080 f   LIBCMTD:ismbbyte.obj
 0001:000300a0       __ismbbkpunct_l            004310a0 f   LIBCMTD:ismbbyte.obj
 0001:000300c0       __ismbblead                004310c0 f   LIBCMTD:ismbbyte.obj
 0001:000300e0       __ismbblead_l              004310e0 f   LIBCMTD:ismbbyte.obj
 0001:00030100       __ismbbprint               00431100 f   LIBCMTD:ismbbyte.obj
 0001:00030120       __ismbbprint_l             00431120 f   LIBCMTD:ismbbyte.obj
 0001:00030140       __ismbbpunct               00431140 f   LIBCMTD:ismbbyte.obj
 0001:00030160       __ismbbpunct_l             00431160 f   LIBCMTD:ismbbyte.obj
 0001:00030180       __ismbbtrail               00431180 f   LIBCMTD:ismbbyte.obj
[...]
 0001:0004df48       __ehhandler$?getSystemCP@@YAHH@Z 0044ef48 f   LIBCMTD:mbctype.obj
 0001:0004df70       __ehhandler$?CallUnexpected@@YAXPBU_s_ESTypeList@@@Z 0044ef70 f   LIBCMTD:frame.obj
 0001:0004df90       __unwindfunclet$?make@DNameStatusNode@@SAPAV1@W4DNameStatus@@@Z$0 0044ef90 f   LIBCMTD:undname.obj
 0001:0004df9e       __ehhandler$?make@DNameStatusNode@@SAPAV1@W4DNameStatus@@@Z 0044ef9e f   LIBCMTD:undname.obj
 0001:0004dfc0       __unwindfunclet$?x_ismbbtype_l@@YAHPAUlocaleinfo_struct@@IHH@Z$0 0044efc0 f   LIBCMTD:ismbbyte.obj
 0001:0004dfc8       __ehhandler$?x_ismbbtype_l@@YAHPAUlocaleinfo_struct@@IHH@Z 0044efc8 f   LIBCMTD:ismbbyte.obj
 0001:0004dff0       __unwindfunclet$?strtoxl@@YAKPAUlocaleinfo_struct@@PBDPAPBDHH@Z$0 0044eff0 f   LIBCMTD:strtol.obj
 0001:0004dff8       __ehhandler$?strtoxl@@YAKPAUlocaleinfo_struct@@PBDPAPBDHH@Z 0044eff8 f   LIBCMTD:strtol.obj
 0001:0004e020       __unwindfunclet$?strtoxq@@YA_KPAUlocaleinfo_struct@@PBDPAPBDHH@Z$0 0044f020 f   LIBCMTD:strtoq.obj
 0001:0004e028       __ehhandler$?strtoxq@@YA_KPAUlocaleinfo_struct@@PBDPAPBDHH@Z 0044f028 f   LIBCMTD:strtoq.obj
 0001:0004e050       __unwindfunclet$?wcstoxq@@YA_KPAUlocaleinfo_struct@@PB_WPAPB_WHH@Z$0 0044f050 f   LIBCMTD:wcstoq.obj
 0001:0004e058       __ehhandler$?wcstoxq@@YA_KPAUlocaleinfo_struct@@PB_WPAPB_WHH@Z 0044f058 f   LIBCMTD:wcstoq.obj
 0002:00000258       _piecewise_construct$initializer$ 00450258     StdAfx.obj
 0002:0000025c       _allocator_arg$initializer$ 0045025c     StdAfx.obj
 0002:00000268       _pinit                     00450268     LIBCMTD:cpu_disp.obj
 0002:0000026c       _pinit                     0045026c     LIBCMTD:mbctype.obj
 0002:00000270       _pinit                     00450270     LIBCMTD:onexit.obj
 0002:00000274       _pinit                     00450274     LIBCMTD:_file.obj
 0002:00000278       _pinit                     00450278     LIBCMTD:wincrt0.obj
 0002:00000284       _pterm                     00450284     LIBCMTD:wsetloca.obj
 0002:00000288       _pterm                     00450288     LIBCMTD:initcon.obj
 0002:0000028c       _pterm                     0045028c     LIBCMTD:_file.obj
 0002:000002d8       $SG136395                  004502d8     GameDemo.obj
 0002:000002dd       $SG136407                  004502dd     GameDemo.obj
 0002:000002e0       $SG136396                  004502e0     GameDemo.obj
 0002:0000097c       __CrtDbgModeMsg            0045097c     LIBCMTD:dbgrptw.obj
 0002:00001068       _rterrs                    00451068     LIBCMTD:crt0msg.obj
 0002:00001f24       ?ExceptionTemplate@?1??_CxxThrowException@@9@8@4UEHExceptionRecord@@B 00451f24     LIBCMTD:throw.obj
 0002:00001f70       _szBlockUseName            00451f70     LIBCMTD:dbgheap.obj
 0002:00003334       __mb_locale_names          00453334     LIBCMTD:mbctype.obj
 0002:000037cc       _GS_ExceptionPointers      004537cc     LIBCMTD:gs_report.obj
 0002:00004bfc       __RTC_ErrorMessages        00454bfc     LIBCMTD:error.obj
 0002:00004c14       __RTC_NoFalsePositives     00454c14     LIBCMTD:error.obj
 0002:00004c2c       _stack_premsg              00454c2c     LIBCMTD:error.obj
 0002:00004c48       _stack_postmsg             00454c48     LIBCMTD:error.obj
 0002:00004c5c       _uninit_premsg             00454c5c     LIBCMTD:error.obj
 0002:00004c6c       _uninit_postmsg            00454c6c     LIBCMTD:error.obj
 0002:000051c8       __RTC_errlist              004551c8     LIBCMTD:userapi.obj
 0002:000084c0       __CrtDbgModeMsg            004584c0     LIBCMTD:dbgrpt.obj
 0002:00009c78       _mspdbName                 00459c78     LIBCMTD:pdblkup.obj
 0002:00009c9c       _msvcrdFilename            00459c9c     LIBCMTD:pdblkup.obj
 0002:00009d5c       ?dllExt@?1??GetPdbDllPathFromFilePath@@YAHPB_WPA_WI@Z@4QB_WB 00459d5c     LIBCMTD:pdblkup.obj
 0002:00009d64       ?mspdbFilename@?1??GetPdbDllPathFromFilePath@@YAHPB_WPA_WI@Z@4QB_WB 00459d64     LIBCMTD:pdblkup.obj
 0002:00009da8       _tokenTable                00459da8     LIBCMTD:undname.obj
 0002:00009de0       _nameTable                 00459de0     LIBCMTD:undname.obj
 0002:00009f20       _rttiTable                 00459f20     LIBCMTD:undname.obj
 0002:0000ac14       One                        0045ac14     LIBCMTD:87disp.obj
 0002:0000ac1c       XAMtoTagTab                0045ac1c     LIBCMTD:87disp.obj
 0002:0000ac30       One                        0045ac30     LIBCMTD:common.obj
 0002:0000ac44       DblMax                     0045ac44     LIBCMTD:common.obj
 0002:0000ac4c       DblMin                     0045ac4c     LIBCMTD:common.obj
 0002:0000ac54       IeeeAdjO                   0045ac54     LIBCMTD:common.obj
 0002:0000ac5c       IeeeAdjU                   0045ac5c     LIBCMTD:common.obj
 0002:0000ac64       _infinity                  0045ac64     LIBCMTD:common.obj
 0002:0000ac6c       _zero                      0045ac6c     LIBCMTD:common.obj
 0002:0000ad68       __first_127char            0045ad68     LIBCMTD:wsetloca.obj
 0002:0000f564       __RTC_InitBase.rtc$IMZ     0045f564     GameDemo.obj
 0002:0000f568       __RTC_InitBase.rtc$IMZ     0045f568     StdAfx.obj
 0002:0000f574       __RTC_Shutdown.rtc$TMZ     0045f574     GameDemo.obj
 0002:0000f578       __RTC_Shutdown.rtc$TMZ     0045f578     StdAfx.obj
 0002:0000f580       __unwindtable$?PaintArrow@CLoginFrameWnd@@QAEXPAUHDC__@@ABUtagRECT@@@Z 0045f580     GameDemo.obj
 0002:0000f590       __ehfuncinfo$?PaintArrow@CLoginFrameWnd@@QAEXPAUHDC__@@ABUtagRECT@@@Z 0045f590     GameDemo.obj
 0002:0000f5b4       __unwindtable$?Init@CLoginFrameWnd@@QAEXXZ 0045f5b4     GameDemo.obj
 0002:0000f5bc       __ehfuncinfo$?Init@CLoginFrameWnd@@QAEXXZ 0045f5bc     GameDemo.obj
 0002:0000f5e0       __unwindtable$?OnCreate@CLoginFrameWnd@@QAEJIIJAAH@Z 0045f5e0     GameDemo.obj
 0002:0000f5e8       __ehfuncinfo$?OnCreate@CLoginFrameWnd@@QAEJIIJAAH@Z 0045f5e8     GameDemo.obj
 0002:0000f60c       __unwindtable$?OnTimer@CLoginFrameWnd@@QAEJIIJAAH@Z 0045f60c     GameDemo.obj
 0002:0000f624       __ehfuncinfo$?OnTimer@CLoginFrameWnd@@QAEJIIJAAH@Z 0045f624     GameDemo.obj
 0002:0000f6a0       __sehtable$??3@YAXPAX@Z    0045f6a0     LIBCMTD:dbgdel.obj
 0002:0000f6c0       __sehtable$__CrtSetReportHookW2 0045f6c0     LIBCMTD:dbgrptw.obj
 0002:0000f6e0       __sehtable$___tmainCRTStartup 0045f6e0     LIBCMTD:wincrt0.obj
 0002:0000f700       __sehtable$__mtinitlocknum 0045f700     LIBCMTD:mlock.obj
 0002:0000f720       __sehtable$__realloc_dbg   0045f720     LIBCMTD:dbgheap.obj
 0002:0000f740       __sehtable$__expand_dbg    0045f740     LIBCMTD:dbgheap.obj
 0002:0000f760       __sehtable$__free_dbg      0045f760     LIBCMTD:dbgheap.obj
 0002:0000f780       __sehtable$__msize_dbg     0045f780     LIBCMTD:dbgheap.obj
 0002:0000f7a0       __sehtable$__CrtCheckMemory 0045f7a0     LIBCMTD:dbgheap.obj
 0002:0000f7c0       __sehtable$__CrtSetDbgFlag 0045f7c0     LIBCMTD:dbgheap.obj
 0002:0000f7e0       __sehtable$__CrtDoForAllClientObjects 0045f7e0     LIBCMTD:dbgheap.obj
 0002:0000f800       __sehtable$__CrtIsMemoryBlock 0045f800     LIBCMTD:dbgheap.obj
 0002:0000f820       __sehtable$__CrtMemCheckpoint 0045f820     LIBCMTD:dbgheap.obj
 0002:0000f840       __sehtable$__CrtSetDbgBlockType 0045f840     LIBCMTD:dbgheap.obj
 0002:0000f860       __sehtable$__heap_alloc_dbg_impl 0045f860     LIBCMTD:dbgheap.obj
 0002:0000f880       __sehtable$?__crtIsBadReadPtr@@YAHPBXI@Z 0045f880     LIBCMTD:dbgheap.obj
 0002:0000f8a0       __sehtable$?_CrtMemDumpAllObjectsSince_stat@@YAXPBU_CrtMemState@@PAUlocaleinfo_struct@@@Z 0045f8a0     LIBCMTD:dbgheap.obj
 0002:0000f8c0       __sehtable$___updatetlocinfo 0045f8c0     LIBCMTD:localref.obj
 0002:0000f8e0       __sehtable$___updatetmbcinfo 0045f8e0     LIBCMTD:mbctype.obj
 0002:0000f900       __sehtable$__setmbcp       0045f900     LIBCMTD:mbctype.obj
 0002:0000f91c       __unwindtable$?getSystemCP@@YAHH@Z 0045f91c     LIBCMTD:mbctype.obj
 0002:0000f924       __ehfuncinfo$?getSystemCP@@YAHH@Z 0045f924     LIBCMTD:mbctype.obj
 0002:0000f948       __sehtable$__freefls@4     0045f948     LIBCMTD:tidtable.obj
 0002:0000f970       __sehtable$__initptd       0045f970     LIBCMTD:tidtable.obj
 0002:0000f998       __sehtable$_doexit         0045f998     LIBCMTD:crt0dat.obj
 0002:0000f9b8       __sehtable$_signal         0045f9b8     LIBCMTD:winsig.obj
 0002:0000f9d8       __sehtable$_raise          0045f9d8     LIBCMTD:winsig.obj
 0002:0000f9f8       __sehtable$_ctrlevent_capture@4 0045f9f8     LIBCMTD:winsig.obj
 0002:0000fa18       __sehtable$__VCrtDbgReportA 0045fa18     LIBCMTD:dbgrptt.obj
 0002:0000fa40       __sehtable$__VCrtDbgReportW 0045fa40     LIBCMTD:dbgrptt.obj
 0002:0000fa68       __sehtable$?DebuggerProbe@@YAHK@Z 0045fa68     LIBCMTD:error.obj
 0002:0000fa88       __sehtable$?DebuggerRuntime@@YAHKHPAXPB_W@Z 0045fa88     LIBCMTD:error.obj
 0002:0000faa8       __sehtable$?terminate@@YAXXZ 0045faa8     LIBCMTD:hooks.obj
 0002:0000fac8       __sehtable$?_inconsistency@@YAXXZ 0045fac8     LIBCMTD:hooks.obj
 0002:0000fae8       __sehtable$___FrameUnwindToState 0045fae8     LIBCMTD:frame.obj
 0002:0000fb10       __sehtable$?CallCatchBlock@@YAPAXPAUEHExceptionRecord@@PAUEHRegistrationNode@@PAU_CONTEXT@@PBU_s_FuncInfo@@PAXHK@Z 0045fb10     LIBCMTD:frame.obj
 0002:0000fb38       __sehtable$___BuildCatchObject 0045fb38     LIBCMTD:frame.obj
 0002:0000fb58       __sehtable$___DestructExceptionObject 0045fb58     LIBCMTD:frame.obj
 0002:0000fb74       __catchsym$?CallUnexpected@@YAXPBU_s_ESTypeList@@@Z$2 0045fb74     LIBCMTD:frame.obj
 0002:0000fb84       __unwindtable$?CallUnexpected@@YAXPBU_s_ESTypeList@@@Z 0045fb84     LIBCMTD:frame.obj
 0002:0000fb94       __tryblocktable$?CallUnexpected@@YAXPBU_s_ESTypeList@@@Z 0045fb94     LIBCMTD:frame.obj
 0002:0000fba8       __ehfuncinfo$?CallUnexpected@@YAXPBU_s_ESTypeList@@@Z 0045fba8     LIBCMTD:frame.obj
 0002:0000fbd0       __sehtable$___BuildCatchObjectHelper 0045fbd0     LIBCMTD:frame.obj
 0002:0000fc28       __sehtable$?_Name_base@type_info@@CAPBDPBV1@PAU__type_info_node@@@Z 0045fc28     LIBCMTD:typname.obj
 0002:0000fc48       __sehtable$?_Type_info_dtor@type_info@@CAXPAV1@@Z 0045fc48     LIBCMTD:typname.obj
 0002:0000fc68       __sehtable$?_Name_base_internal@type_info@@CAPBDPBV1@PAU__type_info_node@@@Z 0045fc68     LIBCMTD:typname.obj
 0002:0000fc88       __sehtable$?_Type_info_dtor_internal@type_info@@CAXPAV1@@Z 0045fc88     LIBCMTD:typname.obj
 0002:0000fca8       __sehtable$___clean_type_info_names_internal 0045fca8     LIBCMTD:typname.obj
 0002:0000fcc8       __sehtable$___set_fpsr_sse2 0045fcc8     LIBCMTD:fpctrl.obj
 0002:0000fce8       __sehtable$__ioinit        0045fce8     LIBCMTD:ioinit.obj
 0002:0000fd08       __sehtable$__CrtSetReportHook2 0045fd08     LIBCMTD:dbgrpt.obj
 0002:0000fd28       __sehtable$__IsNonwritableInCurrentImage 0045fd28     LIBCMTD:pesect.obj
 0002:0000fd48       __sehtable$__onexit        0045fd48     LIBCMTD:onexit.obj
 0002:0000fd68       __sehtable$___unDName      0045fd68     LIBCMTD:undname.obj
 0002:0000fd88       __sehtable$___unDNameEx    0045fd88     LIBCMTD:undname.obj
 0002:0000fda4       __unwindtable$?make@DNameStatusNode@@SAPAV1@W4DNameStatus@@@Z 0045fda4     LIBCMTD:undname.obj
 0002:0000fdac       __ehfuncinfo$?make@DNameStatusNode@@SAPAV1@W4DNameStatus@@@Z 0045fdac     LIBCMTD:undname.obj
 0002:0000fdd0       __unwindtable$?x_ismbbtype_l@@YAHPAUlocaleinfo_struct@@IHH@Z 0045fdd0     LIBCMTD:ismbbyte.obj
 0002:0000fdd8       __ehfuncinfo$?x_ismbbtype_l@@YAHPAUlocaleinfo_struct@@IHH@Z 0045fdd8     LIBCMTD:ismbbyte.obj
 0002:0000fe00       __sehtable$__get_current_locale 0045fe00     LIBCMTD:wsetloca.obj
 0002:0000fe28       __sehtable$__free_locale   0045fe28     LIBCMTD:wsetloca.obj
 0002:0000fe50       __sehtable$__wsetlocale    0045fe50     LIBCMTD:wsetloca.obj
 0002:0000fe88       __sehtable$__locterm       0045fe88     LIBCMTD:wsetloca.obj
 0002:0000fea8       __sehtable$_fflush         0045fea8     LIBCMTD:fflush.obj
 0002:0000fec8       __sehtable$_flsall         0045fec8     LIBCMTD:fflush.obj
 0002:0000fef0       __sehtable$__write         0045fef0     LIBCMTD:write.obj
 0002:0000ff10       __sehtable$__lseeki64      0045ff10     LIBCMTD:lseeki64.obj
 0002:0000ff30       __sehtable$_printf         0045ff30     LIBCMTD:printf.obj
 0002:0000ff50       __sehtable$_fputwc         0045ff50     LIBCMTD:fputwc.obj
 0002:0000ff70       __sehtable$__fcloseall     0045ff70     LIBCMTD:closeall.obj
 0002:0000ff90       __sehtable$__commit        0045ff90     LIBCMTD:commit.obj
 0002:0000ffb0       __sehtable$__alloc_osfhnd  0045ffb0     LIBCMTD:osfinfo.obj
 0002:0000ffd8       __sehtable$___lock_fhandle 0045ffd8     LIBCMTD:osfinfo.obj
 0002:0000fff8       __sehtable$__open_osfhandle 0045fff8     LIBCMTD:osfinfo.obj
 0002:00010018       __sehtable$__putwch        00460018     LIBCMTD:putwch.obj
 0002:00010038       __sehtable$_vprintf_helper 00460038     LIBCMTD:vprintf.obj
 0002:00010054       __unwindtable$?strtoxl@@YAKPAUlocaleinfo_struct@@PBDPAPBDHH@Z 00460054     LIBCMTD:strtol.obj
 0002:0001005c       __ehfuncinfo$?strtoxl@@YAKPAUlocaleinfo_struct@@PBDPAPBDHH@Z 0046005c     LIBCMTD:strtol.obj
 0002:00010080       __unwindtable$?strtoxq@@YA_KPAUlocaleinfo_struct@@PBDPAPBDHH@Z 00460080     LIBCMTD:strtoq.obj
 0002:00010088       __ehfuncinfo$?strtoxq@@YA_KPAUlocaleinfo_struct@@PBDPAPBDHH@Z 00460088     LIBCMTD:strtoq.obj
 0002:000100b0       __sehtable$_fclose         004600b0     LIBCMTD:fclose.obj
 0002:000100d0       __sehtable$__close         004600d0     LIBCMTD:close.obj
 0002:000100ec       __unwindtable$?wcstoxq@@YA_KPAUlocaleinfo_struct@@PB_WPAPB_WHH@Z 004600ec     LIBCMTD:wcstoq.obj
 0002:000100f4       __ehfuncinfo$?wcstoxq@@YA_KPAUlocaleinfo_struct@@PB_WPAPB_WHH@Z 004600f4     LIBCMTD:wcstoq.obj
 0002:000104ae       .idata$6                   004604ae     user32:USER32.dll
 0002:00010532       .idata$6                   00460532     gdi32:GDI32.dll
 0002:0001055e       .idata$6                   0046055e     ole32:ole32.dll
 0002:00010d7a       .idata$6                   00460d7a     DuiLib_d:DuiLib_d.dll
 0002:00011388       .idata$6                   00461388     kernel32:KERNEL32.dll
 0003:00000000       _dotdotdot                 00462000     LIBCMTD:dbgrptw.obj
 0003:00000018       __locktable                00462018     LIBCMTD:mlock.obj
 0003:00000144       __lRequestCurr             00462144     LIBCMTD:dbgheap.obj
 0003:00000148       __bNoMansLandFill          00462148     LIBCMTD:dbgheap.obj
 0003:00000149       __bAlignLandFill           00462149     LIBCMTD:dbgheap.obj
 0003:0000014a       __bDeadLandFill            0046214a     LIBCMTD:dbgheap.obj
 0003:0000014b       __bCleanLandFill           0046214b     LIBCMTD:dbgheap.obj
 0003:00000578       ___rgctypeflag             00462578     LIBCMTD:mbctype.obj
 0003:00000580       ___rgcode_page_info        00462580     LIBCMTD:mbctype.obj
 0003:00000678       _errtable                  00462678     LIBCMTD:dosmap.obj
 0003:000007e0       _ErrnoNoMem                004627e0     LIBCMTD:dosmap.obj
 0003:000007e4       _DoserrorNoMem             004627e4     LIBCMTD:dosmap.obj
 0003:00000a90       _NAME_                     00462a90     LIBCMTD:sqrt.obj
 0003:00000ac0       ?_names@?1??_get_fname@@9@9 00462ac0     LIBCMTD:fpexcept.obj
 0003:00000ba8       _over                      00462ba8     LIBCMTD:fpctrl.obj
 0003:00000bb4       _under                     00462bb4     LIBCMTD:fpctrl.obj
 0003:00000bc0       ?__DAZ_ENABLED@?1??__set_fpsr_sse2@@9@9 00462bc0     LIBCMTD:fpctrl.obj
 0003:00000c08       ?isPackaged@?1??__crtIsPackagedApp@@9@9 00462c08     LIBCMTD:winapisupp.obj
 0003:00000c10       _dotdotdot                 00462c10     LIBCMTD:dbgrpt.obj
 0003:00000f28       __ctype_loc_style          00462f28     LIBCMTD:wsetloca.obj
 0003:00000f40       _DoubleFormat              00462f40     LIBCMTD:intrncvt.obj
 0003:00000f58       _FloatFormat               00462f58     LIBCMTD:intrncvt.obj
 0003:00001424       _GenericTypographicStringFormatBuffer 00463424     StdAfx.obj
 0003:0000142c       _GenericDefaultStringFormatBuffer 0046342c     StdAfx.obj
 0003:00001434       _GenericSansSerifFontFamily 00463434     StdAfx.obj
 0003:00001438       _GenericSerifFontFamily    00463438     StdAfx.obj
 0003:0000143c       _GenericMonospaceFontFamily 0046343c     StdAfx.obj
 0003:00001440       _GenericSansSerifFontFamilyBuffer 00463440     StdAfx.obj
 0003:00001448       _GenericSerifFontFamilyBuffer 00463448     StdAfx.obj
 0003:00001450       _GenericMonospaceFontFamilyBuffer 00463450     StdAfx.obj
 0003:00001458       _allocator_arg             00463458     StdAfx.obj
 0003:00001459       _piecewise_construct       00463459     StdAfx.obj
 0003:0000145a       ?init@?1??_RTC_InitBase@@9@4_NA 0046345a     LIBCMTD:init.obj
 0003:00001470       ?outmsg@?L@??_NMSG_WRITE@@9@9 00463470     LIBCMTD:crt0msg.obj
 0003:00001aa0       _lclcritsects              00463aa0     LIBCMTD:mlock.obj
 0003:00001c0c       _check_frequency           00463c0c     LIBCMTD:dbgheap.obj
 0003:00001c14       _check_counter             00463c14     LIBCMTD:dbgheap.obj
 0003:00001c18       __lTotalAlloc              00463c18     LIBCMTD:dbgheap.obj
 0003:00001c1c       __lCurAlloc                00463c1c     LIBCMTD:dbgheap.obj
 0003:00001c20       __lMaxAlloc                00463c20     LIBCMTD:dbgheap.obj
 0003:00001c24       __pFirstBlock              00463c24     LIBCMTD:dbgheap.obj
 0003:00001c28       __pLastBlock               00463c28     LIBCMTD:dbgheap.obj
 0003:00001c50       _fSystemSet                00463c50     LIBCMTD:mbctype.obj
 0003:00001c58       _GS_ExceptionRecord        00463c58     LIBCMTD:gs_report.obj
 0003:00001ca8       _GS_ContextRecord          00463ca8     LIBCMTD:gs_report.obj
 0003:00001f74       _DebuggerWasPresent        00463f74     LIBCMTD:gs_report.obj
 0003:00001fac       _ctrlc_action              00463fac     LIBCMTD:winsig.obj
 0003:00001fb0       _ctrlbreak_action          00463fb0     LIBCMTD:winsig.obj
 0003:00001fb4       _abort_action              00463fb4     LIBCMTD:winsig.obj
 0003:00001fb8       _term_action               00463fb8     LIBCMTD:winsig.obj
 0003:00001fbc       _ConsoleCtrlHandler_Installed 00463fbc     LIBCMTD:winsig.obj
 0003:00001fc0       ?pfnMessageBox@?1??__crtMessageBoxW@@9@9 00463fc0     LIBCMTD:crtmboxw.obj
 0003:00001fc4       ?pfnGetActiveWindow@?1??__crtMessageBoxW@@9@9 00463fc4     LIBCMTD:crtmboxw.obj
 0003:00001fc8       ?pfnGetLastActivePopup@?1??__crtMessageBoxW@@9@9 00463fc8     LIBCMTD:crtmboxw.obj
 0003:00001fcc       ?pfnGetProcessWindowStation@?1??__crtMessageBoxW@@9@9 00463fcc     LIBCMTD:crtmboxw.obj
 0003:00001fd0       ?pfnGetUserObjectInformation@?1??__crtMessageBoxW@@9@9 00463fd0     LIBCMTD:crtmboxw.obj
 0003:00001fd8       __RTC_ErrorReportFunc      00463fd8     LIBCMTD:userapi.obj
 0003:00001fdc       __RTC_ErrorReportFuncW     00463fdc     LIBCMTD:userapi.obj
 0003:00001fe8       ___type_info_root_node     00463fe8     LIBCMTD:typname.obj
 0003:000020f8       ?_pgmname@?1??_setargv@@9@9 004640f8     LIBCMTD:stdargv.obj
 0003:00002204       ___crtCallProc             00464204     LIBCMTD:winapinls.obj
 0003:00002214       _g_pfnRtlGenRandom         00464214     LIBCMTD:rand_s.obj
 0003:00002220       _mspdb                     00464220     LIBCMTD:pdblkup.obj
 0003:00002224       ?alreadyTried@?1??GetPdbDll@@YAPAUHINSTANCE__@@XZ@4_NA 00464224     LIBCMTD:pdblkup.obj
 0003:00002225       ?PDBOK@?BM@??_RTC_GetSrcLine@@YAHPAEPA_WKPAH1K@Z@4_NA 00464225     LIBCMTD:pdblkup.obj
 0003:00002250       _heap                      00464250     LIBCMTD:undname.obj
 0003:00002268       ?buf@?1??dbGetString@DName@@QBEPADXZ@4PADA 00464268     LIBCMTD:undname.obj
 0003:000022f8       ___enable_percent_n        004642f8     LIBCMTD:printf.obj
 0004:00000060       $R000000                   00466060     * linker generated manifest res *
